Component: Arm Compiler for Embedded 6.19 Tool: armlink [5e73cb00]

==============================================================================

Section Cross References

    startup_stm32g431xx.o(RESET) refers to startup_stm32g431xx.o(STACK) for __initial_sp
    startup_stm32g431xx.o(RESET) refers to startup_stm32g431xx.o(.text) for Reset_Handler
    startup_stm32g431xx.o(RESET) refers to stm32g4xx_it.o(.text.NMI_Handler) for NMI_Handler
    startup_stm32g431xx.o(RESET) refers to stm32g4xx_it.o(.text.HardFault_Handler) for HardFault_Handler
    startup_stm32g431xx.o(RESET) refers to stm32g4xx_it.o(.text.MemManage_Handler) for MemManage_Handler
    startup_stm32g431xx.o(RESET) refers to stm32g4xx_it.o(.text.BusFault_Handler) for BusFault_Handler
    startup_stm32g431xx.o(RESET) refers to stm32g4xx_it.o(.text.UsageFault_Handler) for UsageFault_Handler
    startup_stm32g431xx.o(RESET) refers to stm32g4xx_it.o(.text.SVC_Handler) for SVC_Handler
    startup_stm32g431xx.o(RESET) refers to stm32g4xx_it.o(.text.DebugMon_Handler) for DebugMon_Handler
    startup_stm32g431xx.o(RESET) refers to stm32g4xx_it.o(.text.PendSV_Handler) for PendSV_Handler
    startup_stm32g431xx.o(RESET) refers to stm32g4xx_it.o(.text.SysTick_Handler) for SysTick_Handler
    startup_stm32g431xx.o(.text) refers to system_stm32g4xx.o(.text.SystemInit) for SystemInit
    startup_stm32g431xx.o(.text) refers to entry.o(.ARM.Collect$$$$00000000) for __main
    lcd.o(.ARM.exidx.text.swap_uint16) refers to lcd.o(.text.swap_uint16) for [Anonymous Symbol]
    lcd.o(.text.Lcd_WR_DATA8) refers to stm32g4xx_hal_gpio.o(.text.HAL_GPIO_WritePin) for HAL_GPIO_WritePin
    lcd.o(.text.Lcd_WR_DATA8) refers to spi.o(.bss.hspi1) for hspi1
    lcd.o(.text.Lcd_WR_DATA8) refers to stm32g4xx_hal_spi.o(.text.HAL_SPI_Transmit) for HAL_SPI_Transmit
    lcd.o(.ARM.exidx.text.Lcd_WR_DATA8) refers to lcd.o(.text.Lcd_WR_DATA8) for [Anonymous Symbol]
    lcd.o(.text.Lcd_WR_DATA) refers to stm32g4xx_hal_gpio.o(.text.HAL_GPIO_WritePin) for HAL_GPIO_WritePin
    lcd.o(.text.Lcd_WR_DATA) refers to spi.o(.bss.hspi1) for hspi1
    lcd.o(.text.Lcd_WR_DATA) refers to stm32g4xx_hal_spi.o(.text.HAL_SPI_Transmit) for HAL_SPI_Transmit
    lcd.o(.ARM.exidx.text.Lcd_WR_DATA) refers to lcd.o(.text.Lcd_WR_DATA) for [Anonymous Symbol]
    lcd.o(.text.Lcd_WR_DATA_chunk) refers to stm32g4xx_hal_gpio.o(.text.HAL_GPIO_WritePin) for HAL_GPIO_WritePin
    lcd.o(.text.Lcd_WR_DATA_chunk) refers to spi.o(.bss.hspi1) for hspi1
    lcd.o(.text.Lcd_WR_DATA_chunk) refers to stm32g4xx_hal_spi.o(.text.HAL_SPI_Transmit) for HAL_SPI_Transmit
    lcd.o(.ARM.exidx.text.Lcd_WR_DATA_chunk) refers to lcd.o(.text.Lcd_WR_DATA_chunk) for [Anonymous Symbol]
    lcd.o(.text.Lcd_WR_REG) refers to stm32g4xx_hal_gpio.o(.text.HAL_GPIO_WritePin) for HAL_GPIO_WritePin
    lcd.o(.text.Lcd_WR_REG) refers to spi.o(.bss.hspi1) for hspi1
    lcd.o(.text.Lcd_WR_REG) refers to stm32g4xx_hal_spi.o(.text.HAL_SPI_Transmit) for HAL_SPI_Transmit
    lcd.o(.ARM.exidx.text.Lcd_WR_REG) refers to lcd.o(.text.Lcd_WR_REG) for [Anonymous Symbol]
    lcd.o(.text.Lcd_Address_Set) refers to stm32g4xx_hal_gpio.o(.text.HAL_GPIO_WritePin) for HAL_GPIO_WritePin
    lcd.o(.text.Lcd_Address_Set) refers to spi.o(.bss.hspi1) for hspi1
    lcd.o(.text.Lcd_Address_Set) refers to stm32g4xx_hal_spi.o(.text.HAL_SPI_Transmit) for HAL_SPI_Transmit
    lcd.o(.ARM.exidx.text.Lcd_Address_Set) refers to lcd.o(.text.Lcd_Address_Set) for [Anonymous Symbol]
    lcd.o(.text.Lcd_Init) refers to stm32g4xx_hal_gpio.o(.text.HAL_GPIO_WritePin) for HAL_GPIO_WritePin
    lcd.o(.text.Lcd_Init) refers to stm32g4xx_hal.o(.text.HAL_Delay) for HAL_Delay
    lcd.o(.text.Lcd_Init) refers to spi.o(.bss.hspi1) for hspi1
    lcd.o(.text.Lcd_Init) refers to stm32g4xx_hal_spi.o(.text.HAL_SPI_Transmit) for HAL_SPI_Transmit
    lcd.o(.text.Lcd_Init) refers to lcd.o(.text.Lcd_Address_Set) for Lcd_Address_Set
    lcd.o(.text.Lcd_Init) refers to lcd.o(.bss.line) for line
    lcd.o(.text.Lcd_Init) refers to memseta.o(.text) for __aeabi_memclr4
    lcd.o(.ARM.exidx.text.Lcd_Init) refers to lcd.o(.text.Lcd_Init) for [Anonymous Symbol]
    lcd.o(.text.Lcd_Clear) refers to lcd.o(.text.Lcd_Address_Set) for Lcd_Address_Set
    lcd.o(.text.Lcd_Clear) refers to lcd.o(.bss.line) for line
    lcd.o(.text.Lcd_Clear) refers to stm32g4xx_hal_gpio.o(.text.HAL_GPIO_WritePin) for HAL_GPIO_WritePin
    lcd.o(.text.Lcd_Clear) refers to spi.o(.bss.hspi1) for hspi1
    lcd.o(.text.Lcd_Clear) refers to stm32g4xx_hal_spi.o(.text.HAL_SPI_Transmit) for HAL_SPI_Transmit
    lcd.o(.ARM.exidx.text.Lcd_Clear) refers to lcd.o(.text.Lcd_Clear) for [Anonymous Symbol]
    lcd.o(.text.Lcd_DrawPoint) refers to lcd.o(.text.Lcd_Address_Set) for Lcd_Address_Set
    lcd.o(.text.Lcd_DrawPoint) refers to stm32g4xx_hal_gpio.o(.text.HAL_GPIO_WritePin) for HAL_GPIO_WritePin
    lcd.o(.text.Lcd_DrawPoint) refers to spi.o(.bss.hspi1) for hspi1
[...]
    Removing stm32g4xx_hal_tim_ex.o(.text.HAL_TIMEx_EnableSlaveModePreload), (14 bytes).
    Removing stm32g4xx_hal_tim_ex.o(.ARM.exidx.text.HAL_TIMEx_EnableSlaveModePreload), (8 bytes).
    Removing stm32g4xx_hal_tim_ex.o(.text.HAL_TIMEx_DisableSlaveModePreload), (14 bytes).
    Removing stm32g4xx_hal_tim_ex.o(.ARM.exidx.text.HAL_TIMEx_DisableSlaveModePreload), (8 bytes).
    Removing stm32g4xx_hal_tim_ex.o(.text.HAL_TIMEx_EnableDeadTimePreload), (14 bytes).
    Removing stm32g4xx_hal_tim_ex.o(.ARM.exidx.text.HAL_TIMEx_EnableDeadTimePreload), (8 bytes).
    Removing stm32g4xx_hal_tim_ex.o(.text.HAL_TIMEx_DisableDeadTimePreload), (14 bytes).
    Removing stm32g4xx_hal_tim_ex.o(.ARM.exidx.text.HAL_TIMEx_DisableDeadTimePreload), (8 bytes).
    Removing stm32g4xx_hal_tim_ex.o(.text.HAL_TIMEx_ConfigDeadTime), (16 bytes).
    Removing stm32g4xx_hal_tim_ex.o(.ARM.exidx.text.HAL_TIMEx_ConfigDeadTime), (8 bytes).
    Removing stm32g4xx_hal_tim_ex.o(.text.HAL_TIMEx_ConfigAsymmetricalDeadTime), (16 bytes).
    Removing stm32g4xx_hal_tim_ex.o(.ARM.exidx.text.HAL_TIMEx_ConfigAsymmetricalDeadTime), (8 bytes).
    Removing stm32g4xx_hal_tim_ex.o(.text.HAL_TIMEx_EnableAsymmetricalDeadTime), (14 bytes).
    Removing stm32g4xx_hal_tim_ex.o(.ARM.exidx.text.HAL_TIMEx_EnableAsymmetricalDeadTime), (8 bytes).
    Removing stm32g4xx_hal_tim_ex.o(.text.HAL_TIMEx_DisableAsymmetricalDeadTime), (14 bytes).
    Removing stm32g4xx_hal_tim_ex.o(.ARM.exidx.text.HAL_TIMEx_DisableAsymmetricalDeadTime), (8 bytes).
    Removing stm32g4xx_hal_tim_ex.o(.text.HAL_TIMEx_ConfigEncoderIndex), (78 bytes).
    Removing stm32g4xx_hal_tim_ex.o(.ARM.exidx.text.HAL_TIMEx_ConfigEncoderIndex), (8 bytes).
    Removing stm32g4xx_hal_tim_ex.o(.text.HAL_TIMEx_EnableEncoderIndex), (14 bytes).
    Removing stm32g4xx_hal_tim_ex.o(.ARM.exidx.text.HAL_TIMEx_EnableEncoderIndex), (8 bytes).
    Removing stm32g4xx_hal_tim_ex.o(.text.HAL_TIMEx_DisableEncoderIndex), (14 bytes).
    Removing stm32g4xx_hal_tim_ex.o(.ARM.exidx.text.HAL_TIMEx_DisableEncoderIndex), (8 bytes).
    Removing stm32g4xx_hal_tim_ex.o(.text.HAL_TIMEx_EnableEncoderFirstIndex), (14 bytes).
    Removing stm32g4xx_hal_tim_ex.o(.ARM.exidx.text.HAL_TIMEx_EnableEncoderFirstIndex), (8 bytes).
    Removing stm32g4xx_hal_tim_ex.o(.text.HAL_TIMEx_DisableEncoderFirstIndex), (14 bytes).
    Removing stm32g4xx_hal_tim_ex.o(.ARM.exidx.text.HAL_TIMEx_DisableEncoderFirstIndex), (8 bytes).
    Removing stm32g4xx_hal_tim_ex.o(.text.HAL_TIMEx_CommutCallback), (2 bytes).
    Removing stm32g4xx_hal_tim_ex.o(.ARM.exidx.text.HAL_TIMEx_CommutCallback), (8 bytes).
    Removing stm32g4xx_hal_tim_ex.o(.text.HAL_TIMEx_CommutHalfCpltCallback), (2 bytes).
    Removing stm32g4xx_hal_tim_ex.o(.ARM.exidx.text.HAL_TIMEx_CommutHalfCpltCallback), (8 bytes).
    Removing stm32g4xx_hal_tim_ex.o(.text.HAL_TIMEx_BreakCallback), (2 bytes).
    Removing stm32g4xx_hal_tim_ex.o(.ARM.exidx.text.HAL_TIMEx_BreakCallback), (8 bytes).
    Removing stm32g4xx_hal_tim_ex.o(.text.HAL_TIMEx_Break2Callback), (2 bytes).
    Removing stm32g4xx_hal_tim_ex.o(.ARM.exidx.text.HAL_TIMEx_Break2Callback), (8 bytes).
    Removing stm32g4xx_hal_tim_ex.o(.text.HAL_TIMEx_EncoderIndexCallback), (2 bytes).
    Removing stm32g4xx_hal_tim_ex.o(.ARM.exidx.text.HAL_TIMEx_EncoderIndexCallback), (8 bytes).
    Removing stm32g4xx_hal_tim_ex.o(.text.HAL_TIMEx_DirectionChangeCallback), (2 bytes).
    Removing stm32g4xx_hal_tim_ex.o(.ARM.exidx.text.HAL_TIMEx_DirectionChangeCallback), (8 bytes).
    Removing stm32g4xx_hal_tim_ex.o(.text.HAL_TIMEx_IndexErrorCallback), (2 bytes).
    Removing stm32g4xx_hal_tim_ex.o(.ARM.exidx.text.HAL_TIMEx_IndexErrorCallback), (8 bytes).
    Removing stm32g4xx_hal_tim_ex.o(.text.HAL_TIMEx_TransitionErrorCallback), (2 bytes).
    Removing stm32g4xx_hal_tim_ex.o(.ARM.exidx.text.HAL_TIMEx_TransitionErrorCallback), (8 bytes).
    Removing stm32g4xx_hal_tim_ex.o(.text.HAL_TIMEx_HallSensor_GetState), (6 bytes).
    Removing stm32g4xx_hal_tim_ex.o(.ARM.exidx.text.HAL_TIMEx_HallSensor_GetState), (8 bytes).
    Removing stm32g4xx_hal_tim_ex.o(.text.HAL_TIMEx_GetChannelNState), (34 bytes).
    Removing stm32g4xx_hal_tim_ex.o(.ARM.exidx.text.HAL_TIMEx_GetChannelNState), (8 bytes).
    Removing stm32g4xx_hal_tim_ex.o(.rodata.cst16), (32 bytes).
    Removing stm32g4xx_hal_uart.o(.text), (0 bytes).
    Removing stm32g4xx_hal_uart.o(.ARM.exidx.text.HAL_UART_Init), (8 bytes).
    Removing stm32g4xx_hal_uart.o(.text.HAL_UART_MspInit), (2 bytes).
    Removing stm32g4xx_hal_uart.o(.ARM.exidx.text.HAL_UART_MspInit), (8 bytes).
    Removing stm32g4xx_hal_uart.o(.ARM.exidx.text.UART_SetConfig), (8 bytes).
    Removing stm32g4xx_hal_uart.o(.ARM.exidx.text.UART_AdvFeatureConfig), (8 bytes).
    Removing stm32g4xx_hal_uart.o(.text.UART_CheckIdleState), (110 bytes).
    Removing stm32g4xx_hal_uart.o(.ARM.exidx.text.UART_CheckIdleState), (8 bytes).
    Removing stm32g4xx_hal_uart.o(.text.HAL_HalfDuplex_Init), (210 bytes).
    Removing stm32g4xx_hal_uart.o(.ARM.exidx.text.HAL_HalfDuplex_Init), (8 bytes).
    Removing stm32g4xx_hal_uart.o(.text.HAL_LIN_Init), (230 bytes).
    Removing stm32g4xx_hal_uart.o(.ARM.exidx.text.HAL_LIN_Init), (8 bytes).
    Removing stm32g4xx_hal_uart.o(.text.HAL_MultiProcessor_Init), (230 bytes).
    Removing stm32g4xx_hal_uart.o(.ARM.exidx.text.HAL_MultiProcessor_Init), (8 bytes).
    Removing stm32g4xx_hal_uart.o(.text.HAL_UART_DeInit), (64 bytes).
    Removing stm32g4xx_hal_uart.o(.ARM.exidx.text.HAL_UART_DeInit), (8 bytes).
    Removing stm32g4xx_hal_uart.o(.text.HAL_UART_MspDeInit), (2 bytes).
    Removing stm32g4xx_hal_uart.o(.ARM.exidx.text.HAL_UART_MspDeInit), (8 bytes).
    Removing stm32g4xx_hal_uart.o(.text.HAL_UART_Transmit), (218 bytes).
    Removing stm32g4xx_hal_uart.o(.ARM.exidx.text.HAL_UART_Transmit), (8 bytes).
    Removing stm32g4xx_hal_uart.o(.ARM.exidx.text.UART_WaitOnFlagUntilTimeout), (8 bytes).
    Removing stm32g4xx_hal_uart.o(.text.HAL_UART_Receive), (240 bytes).
    Removing stm32g4xx_hal_uart.o(.ARM.exidx.text.HAL_UART_Receive), (8 bytes).
    Removing stm32g4xx_hal_uart.o(.text.HAL_UART_Transmit_IT), (312 bytes).
    Removing stm32g4xx_hal_uart.o(.ARM.exidx.text.HAL_UART_Transmit_IT), (8 bytes).
    Removing stm32g4xx_hal_uart.o(.text.UART_TxISR_16BIT_FIFOEN), (224 bytes).
    Removing stm32g4xx_hal_uart.o(.ARM.exidx.text.UART_TxISR_16BIT_FIFOEN), (8 bytes).
    Removing stm32g4xx_hal_uart.o(.text.UART_TxISR_8BIT_FIFOEN), (220 bytes).
    Removing stm32g4xx_hal_uart.o(.ARM.exidx.text.UART_TxISR_8BIT_FIFOEN), (8 bytes).
    Removing stm32g4xx_hal_uart.o(.text.UART_TxISR_16BIT), (204 bytes).
    Removing stm32g4xx_hal_uart.o(.ARM.exidx.text.UART_TxISR_16BIT), (8 bytes).
    Removing stm32g4xx_hal_uart.o(.text.UART_TxISR_8BIT), (200 bytes).
    Removing stm32g4xx_hal_uart.o(.ARM.exidx.text.UART_TxISR_8BIT), (8 bytes).
    Removing stm32g4xx_hal_uart.o(.text.HAL_UART_Receive_IT), (182 bytes).
    Removing stm32g4xx_hal_uart.o(.ARM.exidx.text.HAL_UART_Receive_IT), (8 bytes).
    Removing stm32g4xx_hal_uart.o(.text.UART_Start_Receive_IT), (642 bytes).
    Removing stm32g4xx_hal_uart.o(.ARM.exidx.text.UART_Start_Receive_IT), (8 bytes).
    Removing stm32g4xx_hal_uart.o(.text.HAL_UART_Transmit_DMA), (236 bytes).
    Removing stm32g4xx_hal_uart.o(.ARM.exidx.text.HAL_UART_Transmit_DMA), (8 bytes).
    Removing stm32g4xx_hal_uart.o(.text.UART_DMATransmitCplt), (176 bytes).
    Removing stm32g4xx_hal_uart.o(.ARM.exidx.text.UART_DMATransmitCplt), (8 bytes).
    Removing stm32g4xx_hal_uart.o(.text.UART_DMATxHalfCplt), (6 bytes).
    Removing stm32g4xx_hal_uart.o(.ARM.exidx.text.UART_DMATxHalfCplt), (8 bytes).
    Removing stm32g4xx_hal_uart.o(.text.UART_DMAError), (474 bytes).
    Removing stm32g4xx_hal_uart.o(.ARM.exidx.text.UART_DMAError), (8 bytes).
    Removing stm32g4xx_hal_uart.o(.text.HAL_UART_Receive_DMA), (512 bytes).
    Removing stm32g4xx_hal_uart.o(.ARM.exidx.text.HAL_UART_Receive_DMA), (8 bytes).
    Removing stm32g4xx_hal_uart.o(.text.UART_Start_Receive_DMA), (334 bytes).
    Removing stm32g4xx_hal_uart.o(.ARM.exidx.text.UART_Start_Receive_DMA), (8 bytes).
    Removing stm32g4xx_hal_uart.o(.text.HAL_UART_DMAPause), (364 bytes).
    Removing stm32g4xx_hal_uart.o(.ARM.exidx.text.HAL_UART_DMAPause), (8 bytes).
    Removing stm32g4xx_hal_uart.o(.text.HAL_UART_DMAResume), (356 bytes).
    Removing stm32g4xx_hal_uart.o(.ARM.exidx.text.HAL_UART_DMAResume), (8 bytes).
    Removing stm32g4xx_hal_uart.o(.text.HAL_UART_DMAStop), (648 bytes).
    Removing stm32g4xx_hal_uart.o(.ARM.exidx.text.HAL_UART_DMAStop), (8 bytes).
    Removing stm32g4xx_hal_uart.o(.text.HAL_UART_Abort), (520 bytes).
    Removing stm32g4xx_hal_uart.o(.ARM.exidx.text.HAL_UART_Abort), (8 bytes).
    Removing stm32g4xx_hal_uart.o(.text.HAL_UART_AbortTransmit), (306 bytes).
    Removing stm32g4xx_hal_uart.o(.ARM.exidx.text.HAL_UART_AbortTransmit), (8 bytes).
    Removing stm32g4xx_hal_uart.o(.text.HAL_UART_AbortReceive), (382 bytes).
    Removing stm32g4xx_hal_uart.o(.ARM.exidx.text.HAL_UART_AbortReceive), (8 bytes).
    Removing stm32g4xx_hal_uart.o(.text.HAL_UART_Abort_IT), (556 bytes).
    Removing stm32g4xx_hal_uart.o(.ARM.exidx.text.HAL_UART_Abort_IT), (8 bytes).
    Removing stm32g4xx_hal_uart.o(.text.UART_DMATxAbortCallback), (72 bytes).
    Removing stm32g4xx_hal_uart.o(.ARM.exidx.text.UART_DMATxAbortCallback), (8 bytes).
    Removing stm32g4xx_hal_uart.o(.text.UART_DMARxAbortCallback), (62 bytes).
    Removing stm32g4xx_hal_uart.o(.ARM.exidx.text.UART_DMARxAbortCallback), (8 bytes).
    Removing stm32g4xx_hal_uart.o(.text.HAL_UART_AbortCpltCallback), (2 bytes).
    Removing stm32g4xx_hal_uart.o(.ARM.exidx.text.HAL_UART_AbortCpltCallback), (8 bytes).
    Removing stm32g4xx_hal_uart.o(.text.HAL_UART_AbortTransmit_IT), (336 bytes).
    Removing stm32g4xx_hal_uart.o(.ARM.exidx.text.HAL_UART_AbortTransmit_IT), (8 bytes).
    Removing stm32g4xx_hal_uart.o(.text.UART_DMATxOnlyAbortCallback), (36 bytes).
    Removing stm32g4xx_hal_uart.o(.ARM.exidx.text.UART_DMATxOnlyAbortCallback), (8 bytes).
    Removing stm32g4xx_hal_uart.o(.text.HAL_UART_AbortTransmitCpltCallback), (2 bytes).
    Removing stm32g4xx_hal_uart.o(.ARM.exidx.text.HAL_UART_AbortTransmitCpltCallback), (8 bytes).
    Removing stm32g4xx_hal_uart.o(.text.HAL_UART_AbortReceive_IT), (420 bytes).
    Removing stm32g4xx_hal_uart.o(.ARM.exidx.text.HAL_UART_AbortReceive_IT), (8 bytes).
    Removing stm32g4xx_hal_uart.o(.text.UART_DMARxOnlyAbortCallback), (34 bytes).
    Removing stm32g4xx_hal_uart.o(.ARM.exidx.text.UART_DMARxOnlyAbortCallback), (8 bytes).
    Removing stm32g4xx_hal_uart.o(.text.HAL_UART_AbortReceiveCpltCallback), (2 bytes).
    Removing stm32g4xx_hal_uart.o(.ARM.exidx.text.HAL_UART_AbortReceiveCpltCallback), (8 bytes).
    Removing stm32g4xx_hal_uart.o(.text.HAL_UART_IRQHandler), (1576 bytes).
    Removing stm32g4xx_hal_uart.o(.ARM.exidx.text.HAL_UART_IRQHandler), (8 bytes).
    Removing stm32g4xx_hal_uart.o(.text.UART_DMAAbortOnError), (16 bytes).
    Removing stm32g4xx_hal_uart.o(.ARM.exidx.text.UART_DMAAbortOnError), (8 bytes).
    Removing stm32g4xx_hal_uart.o(.text.HAL_UART_ErrorCallback), (2 bytes).
    Removing stm32g4xx_hal_uart.o(.ARM.exidx.text.HAL_UART_ErrorCallback), (8 bytes).
    Removing stm32g4xx_hal_uart.o(.text.HAL_UARTEx_RxEventCallback), (2 bytes).
    Removing stm32g4xx_hal_uart.o(.ARM.exidx.text.HAL_UARTEx_RxEventCallback), (8 bytes).
    Removing stm32g4xx_hal_uart.o(.text.HAL_UART_TxCpltCallback), (2 bytes).
    Removing stm32g4xx_hal_uart.o(.ARM.exidx.text.HAL_UART_TxCpltCallback), (8 bytes).
    Removing stm32g4xx_hal_uart.o(.text.HAL_UART_TxHalfCpltCallback), (2 bytes).
    Removing stm32g4xx_hal_uart.o(.ARM.exidx.text.HAL_UART_TxHalfCpltCallback), (8 bytes).
    Removing stm32g4xx_hal_uart.o(.text.HAL_UART_RxCpltCallback), (2 bytes).
    Removing stm32g4xx_hal_uart.o(.ARM.exidx.text.HAL_UART_RxCpltCallback), (8 bytes).
    Removing stm32g4xx_hal_uart.o(.text.HAL_UART_RxHalfCpltCallback), (2 bytes).
    Removing stm32g4xx_hal_uart.o(.ARM.exidx.text.HAL_UART_RxHalfCpltCallback), (8 bytes).
    Removing stm32g4xx_hal_uart.o(.text.HAL_UART_ReceiverTimeout_Config), (28 bytes).
    Removing stm32g4xx_hal_uart.o(.ARM.exidx.text.HAL_UART_ReceiverTimeout_Config), (8 bytes).
    Removing stm32g4xx_hal_uart.o(.text.HAL_UART_EnableReceiverTimeout), (70 bytes).
    Removing stm32g4xx_hal_uart.o(.ARM.exidx.text.HAL_UART_EnableReceiverTimeout), (8 bytes).
    Removing stm32g4xx_hal_uart.o(.text.HAL_UART_DisableReceiverTimeout), (70 bytes).
    Removing stm32g4xx_hal_uart.o(.ARM.exidx.text.HAL_UART_DisableReceiverTimeout), (8 bytes).
    Removing stm32g4xx_hal_uart.o(.text.HAL_MultiProcessor_EnableMuteMode), (218 bytes).
    Removing stm32g4xx_hal_uart.o(.ARM.exidx.text.HAL_MultiProcessor_EnableMuteMode), (8 bytes).
    Removing stm32g4xx_hal_uart.o(.text.HAL_MultiProcessor_DisableMuteMode), (218 bytes).
    Removing stm32g4xx_hal_uart.o(.ARM.exidx.text.HAL_MultiProcessor_DisableMuteMode), (8 bytes).
    Removing stm32g4xx_hal_uart.o(.text.HAL_MultiProcessor_EnterMuteMode), (12 bytes).
    Removing stm32g4xx_hal_uart.o(.ARM.exidx.text.HAL_MultiProcessor_EnterMuteMode), (8 bytes).
    Removing stm32g4xx_hal_uart.o(.text.HAL_HalfDuplex_EnableTransmitter), (190 bytes).
    Removing stm32g4xx_hal_uart.o(.ARM.exidx.text.HAL_HalfDuplex_EnableTransmitter), (8 bytes).
    Removing stm32g4xx_hal_uart.o(.text.HAL_HalfDuplex_EnableReceiver), (190 bytes).
    Removing stm32g4xx_hal_uart.o(.ARM.exidx.text.HAL_HalfDuplex_EnableReceiver), (8 bytes).
    Removing stm32g4xx_hal_uart.o(.text.HAL_LIN_SendBreak), (44 bytes).
    Removing stm32g4xx_hal_uart.o(.ARM.exidx.text.HAL_LIN_SendBreak), (8 bytes).
    Removing stm32g4xx_hal_uart.o(.text.HAL_UART_GetState), (12 bytes).
    Removing stm32g4xx_hal_uart.o(.ARM.exidx.text.HAL_UART_GetState), (8 bytes).
    Removing stm32g4xx_hal_uart.o(.text.HAL_UART_GetError), (6 bytes).
    Removing stm32g4xx_hal_uart.o(.ARM.exidx.text.HAL_UART_GetError), (8 bytes).
    Removing stm32g4xx_hal_uart.o(.text.UART_RxISR_16BIT_FIFOEN), (686 bytes).
    Removing stm32g4xx_hal_uart.o(.ARM.exidx.text.UART_RxISR_16BIT_FIFOEN), (8 bytes).
    Removing stm32g4xx_hal_uart.o(.text.UART_RxISR_8BIT_FIFOEN), (690 bytes).
    Removing stm32g4xx_hal_uart.o(.ARM.exidx.text.UART_RxISR_8BIT_FIFOEN), (8 bytes).
    Removing stm32g4xx_hal_uart.o(.text.UART_RxISR_16BIT), (326 bytes).
    Removing stm32g4xx_hal_uart.o(.ARM.exidx.text.UART_RxISR_16BIT), (8 bytes).
    Removing stm32g4xx_hal_uart.o(.text.UART_RxISR_8BIT), (330 bytes).
    Removing stm32g4xx_hal_uart.o(.ARM.exidx.text.UART_RxISR_8BIT), (8 bytes).
    Removing stm32g4xx_hal_uart.o(.text.UART_DMAReceiveCplt), (352 bytes).
    Removing stm32g4xx_hal_uart.o(.ARM.exidx.text.UART_DMAReceiveCplt), (8 bytes).
    Removing stm32g4xx_hal_uart.o(.text.UART_DMARxHalfCplt), (22 bytes).
    Removing stm32g4xx_hal_uart.o(.ARM.exidx.text.UART_DMARxHalfCplt), (8 bytes).
    Removing stm32g4xx_hal_uart_ex.o(.text), (0 bytes).
    Removing stm32g4xx_hal_uart_ex.o(.text.HAL_RS485Ex_Init), (130 bytes).
    Removing stm32g4xx_hal_uart_ex.o(.ARM.exidx.text.HAL_RS485Ex_Init), (8 bytes).
    Removing stm32g4xx_hal_uart_ex.o(.text.HAL_UARTEx_WakeupCallback), (2 bytes).
    Removing stm32g4xx_hal_uart_ex.o(.ARM.exidx.text.HAL_UARTEx_WakeupCallback), (8 bytes).
    Removing stm32g4xx_hal_uart_ex.o(.text.HAL_UARTEx_RxFifoFullCallback), (2 bytes).
    Removing stm32g4xx_hal_uart_ex.o(.ARM.exidx.text.HAL_UARTEx_RxFifoFullCallback), (8 bytes).
    Removing stm32g4xx_hal_uart_ex.o(.text.HAL_UARTEx_TxFifoEmptyCallback), (2 bytes).
    Removing stm32g4xx_hal_uart_ex.o(.ARM.exidx.text.HAL_UARTEx_TxFifoEmptyCallback), (8 bytes).
    Removing stm32g4xx_hal_uart_ex.o(.text.HAL_MultiProcessorEx_AddressLength_Set), (46 bytes).
    Removing stm32g4xx_hal_uart_ex.o(.ARM.exidx.text.HAL_MultiProcessorEx_AddressLength_Set), (8 bytes).
    Removing stm32g4xx_hal_uart_ex.o(.text.HAL_UARTEx_StopModeWakeUpSourceConfig), (140 bytes).
    Removing stm32g4xx_hal_uart_ex.o(.ARM.exidx.text.HAL_UARTEx_StopModeWakeUpSourceConfig), (8 bytes).
    Removing stm32g4xx_hal_uart_ex.o(.text.HAL_UARTEx_EnableStopMode), (104 bytes).
    Removing stm32g4xx_hal_uart_ex.o(.ARM.exidx.text.HAL_UARTEx_EnableStopMode), (8 bytes).
    Removing stm32g4xx_hal_uart_ex.o(.text.HAL_UARTEx_DisableStopMode), (104 bytes).
    Removing stm32g4xx_hal_uart_ex.o(.ARM.exidx.text.HAL_UARTEx_DisableStopMode), (8 bytes).
    Removing stm32g4xx_hal_uart_ex.o(.text.HAL_UARTEx_EnableFifoMode), (122 bytes).
    Removing stm32g4xx_hal_uart_ex.o(.ARM.exidx.text.HAL_UARTEx_EnableFifoMode), (8 bytes).
    Removing stm32g4xx_hal_uart_ex.o(.ARM.exidx.text.HAL_UARTEx_DisableFifoMode), (8 bytes).
    Removing stm32g4xx_hal_uart_ex.o(.ARM.exidx.text.HAL_UARTEx_SetTxFifoThreshold), (8 bytes).
    Removing stm32g4xx_hal_uart_ex.o(.ARM.exidx.text.HAL_UARTEx_SetRxFifoThreshold), (8 bytes).
    Removing stm32g4xx_hal_uart_ex.o(.text.HAL_UARTEx_ReceiveToIdle), (436 bytes).
    Removing stm32g4xx_hal_uart_ex.o(.ARM.exidx.text.HAL_UARTEx_ReceiveToIdle), (8 bytes).
    Removing stm32g4xx_hal_uart_ex.o(.text.HAL_UARTEx_ReceiveToIdle_IT), (164 bytes).
    Removing stm32g4xx_hal_uart_ex.o(.ARM.exidx.text.HAL_UARTEx_ReceiveToIdle_IT), (8 bytes).
    Removing stm32g4xx_hal_uart_ex.o(.text.HAL_UARTEx_ReceiveToIdle_DMA), (164 bytes).
    Removing stm32g4xx_hal_uart_ex.o(.ARM.exidx.text.HAL_UARTEx_ReceiveToIdle_DMA), (8 bytes).
    Removing system_stm32g4xx.o(.text), (0 bytes).
    Removing system_stm32g4xx.o(.ARM.exidx.text.SystemInit), (8 bytes).
    Removing system_stm32g4xx.o(.text.SystemCoreClockUpdate), (160 bytes).
    Removing system_stm32g4xx.o(.ARM.exidx.text.SystemCoreClockUpdate), (8 bytes).

1092 unused section(s) (total 79230 bytes) removed from the image.

==============================================================================

Image Symbol Table

    Local Symbols

    Symbol Name                              Value     Ov Type        Size  Object(Section)

    ../clib/division.s                       0x00000000   Number         0  aeabi_sdiv.o ABSOLUTE
    ../clib/microlib/division.c              0x00000000   Number         0  uldiv.o ABSOLUTE
    ../clib/microlib/division.c              0x00000000   Number         0  uidiv.o ABSOLUTE
    ../clib/microlib/init/entry.s            0x00000000   Number         0  entry.o ABSOLUTE
    ../clib/microlib/init/entry.s            0x00000000   Number         0  entry2.o ABSOLUTE
    ../clib/microlib/init/entry.s            0x00000000   Number         0  entry5.o ABSOLUTE
    ../clib/microlib/init/entry.s            0x00000000   Number         0  entry7a.o ABSOLUTE
    ../clib/microlib/init/entry.s            0x00000000   Number         0  entry7b.o ABSOLUTE
    ../clib/microlib/init/entry.s            0x00000000   Number         0  entry8a.o ABSOLUTE
    ../clib/microlib/init/entry.s            0x00000000   Number         0  entry8b.o ABSOLUTE
    ../clib/microlib/init/entry.s            0x00000000   Number         0  entry9a.o ABSOLUTE
    ../clib/microlib/init/entry.s            0x00000000   Number         0  entry9b.o ABSOLUTE
    ../clib/microlib/init/entry.s            0x00000000   Number         0  entry10a.o ABSOLUTE
    ../clib/microlib/init/entry.s            0x00000000   Number         0  entry10b.o ABSOLUTE
    ../clib/microlib/init/entry.s            0x00000000   Number         0  entry11a.o ABSOLUTE
    ../clib/microlib/init/entry.s            0x00000000   Number         0  entry11b.o ABSOLUTE
    ../clib/microlib/longlong.c              0x00000000   Number         0  llshl.o ABSOLUTE
    ../clib/microlib/longlong.c              0x00000000   Number         0  llushr.o ABSOLUTE
    ../clib/microlib/longlong.c              0x00000000   Number         0  llsshr.o ABSOLUTE
    ../clib/microlib/printf/printf.c         0x00000000   Number         0  printfb.o ABSOLUTE
    ../clib/microlib/printf/printf.c         0x00000000   Number         0  printf0.o ABSOLUTE
    ../clib/microlib/printf/printf.c         0x00000000   Number         0  printf1.o ABSOLUTE
    ../clib/microlib/printf/printf.c         0x00000000   Number         0  printf2.o ABSOLUTE
    ../clib/microlib/printf/printf.c         0x00000000   Number         0  printf3.o ABSOLUTE
    ../clib/microlib/printf/printf.c         0x00000000   Number         0  printf4.o ABSOLUTE
    ../clib/microlib/printf/printf.c         0x00000000   Number         0  printf5.o ABSOLUTE
    ../clib/microlib/printf/printf.c         0x00000000   Number         0  printf6.o ABSOLUTE
    ../clib/microlib/printf/printf.c         0x00000000   Number         0  printf7.o ABSOLUTE
    ../clib/microlib/printf/printf.c         0x00000000   Number         0  printf8.o ABSOLUTE
    ../clib/microlib/printf/printf.c         0x00000000   Number         0  printfa.o ABSOLUTE
    ../clib/microlib/printf/stubs.s          0x00000000   Number         0  printfstubs.o ABSOLUTE
    ../clib/microlib/stdio/fputc.c           0x00000000   Number         0  fputc.o ABSOLUTE
    ../clib/microlib/stdio/fputc.c           0x00000000   Number         0  fputc_h.o ABSOLUTE
    ../clib/microlib/stdio/semi.s            0x00000000   Number         0  semi.o ABSOLUTE
    ../clib/microlib/stdio/streams.c         0x00000000   Number         0  stdout.o ABSOLUTE
    ../clib/microlib/string/memset.c         0x00000000   Number         0  memseta.o ABSOLUTE
    ../clib/microlib/stubs.s                 0x00000000   Number         0  iusefp.o ABSOLUTE
    ../clib/microlib/stubs.s                 0x00000000   Number         0  iusesemip.o ABSOLUTE
    ../fplib/microlib/d2f.c                  0x00000000   Number         0  d2f.o ABSOLUTE
    ../fplib/microlib/f2d.c                  0x00000000   Number         0  f2d.o ABSOLUTE
    ../fplib/microlib/fpadd.c                0x00000000   Number         0  dadd.o ABSOLUTE
    ../fplib/microlib/fpdiv.c                0x00000000   Number         0  ddiv.o ABSOLUTE
    ../fplib/microlib/fpepilogue.c           0x00000000   Number         0  fepilogue.o ABSOLUTE
    ../fplib/microlib/fpepilogue.c           0x00000000   Number         0  depilogue.o ABSOLUTE
    ../fplib/microlib/fpfix.c                0x00000000   Number         0  dfixul.o ABSOLUTE
    ../fplib/microlib/fpflt.c                0x00000000   Number         0  dfltui.o ABSOLUTE
    ../fplib/microlib/fpmul.c                0x00000000   Number         0  dmul.o ABSOLUTE
    GUI.c                                    0x00000000   Number         0  gui.o ABSOLUTE
    KEY.c                                    0x00000000   Number         0  key.o ABSOLUTE
    cdrcmple.s                               0x00000000   Number         0  cdrcmple.o ABSOLUTE
    dc.s                                     0x00000000   Number         0  dc.o ABSOLUTE
    gpio.c                                   0x00000000   Number         0  gpio.o ABSOLUTE
    handlers.s                               0x00000000   Number         0  handlers.o ABSOLUTE
    init.s                                   0x00000000   Number         0  init.o ABSOLUTE
    lcd.c                                    0x00000000   Number         0  lcd.o ABSOLUTE
    main.c                                   0x00000000   Number         0  main.o ABSOLUTE
    spi.c                                    0x00000000   Number         0  spi.o ABSOLUTE
    startup_stm32g431xx.s                    0x00000000   Number         0  startup_stm32g431xx.o ABSOLUTE
    stm32g4xx_hal.c                          0x00000000   Number         0  stm32g4xx_hal.o ABSOLUTE
    stm32g4xx_hal_cortex.c                   0x00000000   Number         0  stm32g4xx_hal_cortex.o ABSOLUTE
    stm32g4xx_hal_dma.c                      0x00000000   Number         0  stm32g4xx_hal_dma.o ABSOLUTE
    stm32g4xx_hal_dma_ex.c                   0x00000000   Number         0  stm32g4xx_hal_dma_ex.o ABSOLUTE
    stm32g4xx_hal_exti.c                     0x00000000   Number         0  stm32g4xx_hal_exti.o ABSOLUTE
    stm32g4xx_hal_flash.c                    0x00000000   Number         0  stm32g4xx_hal_flash.o ABSOLUTE
    stm32g4xx_hal_flash_ex.c                 0x00000000   Number         0  stm32g4xx_hal_flash_ex.o ABSOLUTE
    stm32g4xx_hal_flash_ramfunc.c            0x00000000   Number         0  stm32g4xx_hal_flash_ramfunc.o ABSOLUTE
    stm32g4xx_hal_gpio.c                     0x00000000   Number         0  stm32g4xx_hal_gpio.o ABSOLUTE
    stm32g4xx_hal_msp.c                      0x00000000   Number         0  stm32g4xx_hal_msp.o ABSOLUTE
    stm32g4xx_hal_pwr.c                      0x00000000   Number         0  stm32g4xx_hal_pwr.o ABSOLUTE
    stm32g4xx_hal_pwr_ex.c                   0x00000000   Number         0  stm32g4xx_hal_pwr_ex.o ABSOLUTE
    stm32g4xx_hal_rcc.c                      0x00000000   Number         0  stm32g4xx_hal_rcc.o ABSOLUTE
    stm32g4xx_hal_rcc_ex.c                   0x00000000   Number         0  stm32g4xx_hal_rcc_ex.o ABSOLUTE
    stm32g4xx_hal_spi.c                      0x00000000   Number         0  stm32g4xx_hal_spi.o ABSOLUTE
    stm32g4xx_hal_spi_ex.c                   0x00000000   Number         0  stm32g4xx_hal_spi_ex.o ABSOLUTE
    stm32g4xx_hal_tim.c                      0x00000000   Number         0  stm32g4xx_hal_tim.o ABSOLUTE
    stm32g4xx_hal_tim_ex.c                   0x00000000   Number         0  stm32g4xx_hal_tim_ex.o ABSOLUTE
    stm32g4xx_hal_uart.c                     0x00000000   Number         0  stm32g4xx_hal_uart.o ABSOLUTE
    stm32g4xx_hal_uart_ex.c                  0x00000000   Number         0  stm32g4xx_hal_uart_ex.o ABSOLUTE
    stm32g4xx_it.c                           0x00000000   Number         0  stm32g4xx_it.o ABSOLUTE
    system_stm32g4xx.c                       0x00000000   Number         0  system_stm32g4xx.o ABSOLUTE
    tim.c                                    0x00000000   Number         0  tim.o ABSOLUTE
    usart.c                                  0x00000000   Number         0  usart.o ABSOLUTE
    RESET                                    0x08000000   Section      472  startup_stm32g431xx.o(RESET)
    .ARM.Collect$$$$00000000                 0x080001d8   Section        0  entry.o(.ARM.Collect$$$$00000000)
    .ARM.Collect$$$$00000001                 0x080001d8   Section        4  entry2.o(.ARM.Collect$$$$00000001)
    .ARM.Collect$$$$00000004                 0x080001dc   Section        4  entry5.o(.ARM.Collect$$$$00000004)
    .ARM.Collect$$$$00000008                 0x080001e0   Section        0  entry7b.o(.ARM.Collect$$$$00000008)
    .ARM.Collect$$$$0000000A                 0x080001e0   Section        0  entry8b.o(.ARM.Collect$$$$0000000A)
    .ARM.Collect$$$$0000000B                 0x080001e0   Section        8  entry9a.o(.ARM.Collect$$$$0000000B)
    __lit__00000000                          0x080001e8   Data           4  entry2.o(.ARM.Collect$$$$00002712)
    .ARM.Collect$$$$0000000D                 0x080001e8   Section        0  entry10a.o(.ARM.Collect$$$$0000000D)
    .ARM.Collect$$$$0000000F                 0x080001e8   Section        0  entry11a.o(.ARM.Collect$$$$0000000F)
    .ARM.Collect$$$$00002712                 0x080001e8   Section        4  entry2.o(.ARM.Collect$$$$00002712)
    $v0                                      0x080001ec   Number         0  startup_stm32g431xx.o(.text)
    .text                                    0x080001ec   Section       36  startup_stm32g431xx.o(.text)
    .text                                    0x08000210   Section        0  uldiv.o(.text)
    .text                                    0x08000272   Section        0  memseta.o(.text)
    .text                                    0x08000296   Section        0  dadd.o(.text)
    .text                                    0x080003e4   Section        0  dmul.o(.text)
    .text                                    0x080004c8   Section        0  ddiv.o(.text)
    .text                                    0x080005a6   Section        0  dfltui.o(.text)
    .text                                    0x080005c0   Section        0  f2d.o(.text)
    .text                                    0x080005e6   Section        0  d2f.o(.text)
    .text                                    0x0800061e   Section        0  uidiv.o(.text)
    .text                                    0x0800064a   Section        0  llshl.o(.text)
    .text                                    0x08000668   Section        0  llushr.o(.text)
    .text                                    0x08000688   Section        0  llsshr.o(.text)
    .text                                    0x080006ac   Section        0  iusefp.o(.text)
    .text                                    0x080006ac   Section        0  fepilogue.o(.text)
    .text                                    0x0800071a   Section        0  depilogue.o(.text)
    .text                                    0x080007d4   Section        0  dfixul.o(.text)
    .text                                    0x08000804   Section       48  cdrcmple.o(.text)
    .text                                    0x08000834   Section       36  init.o(.text)
    [Anonymous Symbol]                       0x08000858   Section        0  stm32g4xx_it.o(.text.BusFault_Handler)
    [Anonymous Symbol]                       0x0800085c   Section        0  stm32g4xx_it.o(.text.DebugMon_Handler)
    [Anonymous Symbol]                       0x08000860   Section        0  main.o(.text.Error_Handler)
    [Anonymous Symbol]                       0x0800086c   Section        0  stm32g4xx_hal.o(.text.HAL_Delay)
    [Anonymous Symbol]                       0x08000894   Section        0  stm32g4xx_hal_gpio.o(.text.HAL_GPIO_Init)
    [Anonymous Symbol]                       0x08000a40   Section        0  stm32g4xx_hal_gpio.o(.text.HAL_GPIO_ReadPin)
    [Anonymous Symbol]                       0x08000a4c   Section        0  stm32g4xx_hal_gpio.o(.text.HAL_GPIO_WritePin)
    [Anonymous Symbol]                       0x08000a58   Section        0  stm32g4xx_hal.o(.text.HAL_GetTick)
    [Anonymous Symbol]                       0x08000a64   Section        0  stm32g4xx_hal.o(.text.HAL_IncTick)
    [Anonymous Symbol]                       0x08000a80   Section        0  stm32g4xx_hal.o(.text.HAL_Init)
    [Anonymous Symbol]                       0x08000aa0   Section        0  stm32g4xx_hal.o(.text.HAL_InitTick)
    [Anonymous Symbol]                       0x08000aec   Section        0  stm32g4xx_hal_msp.o(.text.HAL_MspInit)
    [Anonymous Symbol]                       0x08000b20   Section        0  stm32g4xx_hal_cortex.o(.text.HAL_NVIC_SetPriority)
    [Anonymous Symbol]                       0x08000b78   Section        0  stm32g4xx_hal_cortex.o(.text.HAL_NVIC_SetPriorityGrouping)
    [Anonymous Symbol]                       0x08000b98   Section        0  stm32g4xx_hal_pwr_ex.o(.text.HAL_PWREx_ControlVoltageScaling)
    [Anonymous Symbol]                       0x08000cc0   Section        0  stm32g4xx_hal_pwr_ex.o(.text.HAL_PWREx_DisableUCPDDeadBattery)
    [Anonymous Symbol]                       0x08000cd4   Section        0  stm32g4xx_hal_rcc_ex.o(.text.HAL_RCCEx_PeriphCLKConfig)
    [Anonymous Symbol]                       0x08000f40   Section        0  stm32g4xx_hal_rcc.o(.text.HAL_RCC_ClockConfig)
    [Anonymous Symbol]                       0x08001254   Section        0  stm32g4xx_hal_rcc.o(.text.HAL_RCC_GetPCLK1Freq)
    [Anonymous Symbol]                       0x08001280   Section        0  stm32g4xx_hal_rcc.o(.text.HAL_RCC_GetPCLK2Freq)
    [Anonymous Symbol]                       0x080012ac   Section        0  stm32g4xx_hal_rcc.o(.text.HAL_RCC_GetSysClockFreq)
    [Anonymous Symbol]                       0x0800132c   Section        0  stm32g4xx_hal_rcc.o(.text.HAL_RCC_OscConfig)
    [Anonymous Symbol]                       0x080017dc   Section        0  stm32g4xx_hal_spi.o(.text.HAL_SPI_Init)
    [Anonymous Symbol]                       0x080018c0   Section        0  spi.o(.text.HAL_SPI_MspInit)
    [Anonymous Symbol]                       0x08001924   Section        0  stm32g4xx_hal_spi.o(.text.HAL_SPI_Transmit)
    [Anonymous Symbol]                       0x08001b68   Section        0  stm32g4xx_hal_cortex.o(.text.HAL_SYSTICK_Config)
    [Anonymous Symbol]                       0x08001b94   Section        0  stm32g4xx_hal_tim_ex.o(.text.HAL_TIMEx_ConfigBreakDeadTime)
    [Anonymous Symbol]                       0x08001c54   Section        0  stm32g4xx_hal_tim_ex.o(.text.HAL_TIMEx_MasterConfigSynchronization)
    [Anonymous Symbol]                       0x08001cf8   Section        0  stm32g4xx_hal_tim.o(.text.HAL_TIM_Base_Init)
    [Anonymous Symbol]                       0x08001d5c   Section        0  tim.o(.text.HAL_TIM_Base_MspInit)
    [Anonymous Symbol]                       0x08001ddc   Section        0  stm32g4xx_hal_tim.o(.text.HAL_TIM_ConfigClockSource)
    [Anonymous Symbol]                       0x08001fdc   Section        0  stm32g4xx_hal_tim.o(.text.HAL_TIM_PWM_ConfigChannel)
    [Anonymous Symbol]                       0x080023ac   Section        0  stm32g4xx_hal_tim.o(.text.HAL_TIM_PWM_Init)
    [Anonymous Symbol]                       0x08002410   Section        0  stm32g4xx_hal_tim.o(.text.HAL_TIM_PWM_MspInit)
    [Anonymous Symbol]                       0x08002414   Section        0  stm32g4xx_hal_tim.o(.text.HAL_TIM_PWM_Start)
    [Anonymous Symbol]                       0x0800259c   Section        0  stm32g4xx_hal_uart_ex.o(.text.HAL_UARTEx_DisableFifoMode)
    [Anonymous Symbol]                       0x080025d4   Section        0  stm32g4xx_hal_uart_ex.o(.text.HAL_UARTEx_SetRxFifoThreshold)
    [Anonymous Symbol]                       0x08002660   Section        0  stm32g4xx_hal_uart_ex.o(.text.HAL_UARTEx_SetTxFifoThreshold)
    [Anonymous Symbol]                       0x080026ec   Section        0  stm32g4xx_hal_uart.o(.text.HAL_UART_Init)
    [Anonymous Symbol]                       0x080027b8   Section        0  usart.o(.text.HAL_UART_MspInit)
    [Anonymous Symbol]                       0x08002840   Section        0  stm32g4xx_it.o(.text.HardFault_Handler)
    [Anonymous Symbol]                       0x08002844   Section        0  lcd.o(.text.Lcd_Address_Set)
    [Anonymous Symbol]                       0x08002950   Section        0  lcd.o(.text.Lcd_Clear)
    [Anonymous Symbol]                       0x08002a0c   Section        0  lcd.o(.text.Lcd_Init)
    [Anonymous Symbol]                       0x08003588   Section        0  lcd.o(.text.Lcd_ShowChar)
    [Anonymous Symbol]                       0x0800371c   Section        0  lcd.o(.text.Lcd_ShowString)
    [Anonymous Symbol]                       0x080037e8   Section        0  lcd.o(.text.Lcd_print)
    [Anonymous Symbol]                       0x08003818   Section        0  gpio.o(.text.MX_GPIO_Init)
    [Anonymous Symbol]                       0x08003910   Section        0  spi.o(.text.MX_SPI1_Init)
    [Anonymous Symbol]                       0x08003968   Section        0  tim.o(.text.MX_TIM15_Init)
    [Anonymous Symbol]                       0x08003b00   Section        0  tim.o(.text.MX_TIM2_Init)
    [Anonymous Symbol]                       0x08003c60   Section        0  tim.o(.text.MX_TIM3_Init)
    [Anonymous Symbol]                       0x08003dc0   Section        0  usart.o(.text.MX_USART1_UART_Init)
    [Anonymous Symbol]                       0x08003e44   Section        0  stm32g4xx_it.o(.text.MemManage_Handler)
    [Anonymous Symbol]                       0x08003e48   Section        0  stm32g4xx_it.o(.text.NMI_Handler)
    [Anonymous Symbol]                       0x08003e4c   Section        0  stm32g4xx_it.o(.text.PendSV_Handler)
    SPI_WaitFifoStateUntilTimeout            0x08003e51   Thumb Code   390  stm32g4xx_hal_spi.o(.text.SPI_WaitFifoStateUntilTimeout)
    [Anonymous Symbol]                       0x08003e50   Section        0  stm32g4xx_hal_spi.o(.text.SPI_WaitFifoStateUntilTimeout)
    SPI_WaitFlagStateUntilTimeout            0x08003fd9   Thumb Code   206  stm32g4xx_hal_spi.o(.text.SPI_WaitFlagStateUntilTimeout)
    [Anonymous Symbol]                       0x08003fd8   Section        0  stm32g4xx_hal_spi.o(.text.SPI_WaitFlagStateUntilTimeout)
    [Anonymous Symbol]                       0x080040a8   Section        0  stm32g4xx_it.o(.text.SVC_Handler)
    [Anonymous Symbol]                       0x080040ac   Section        0  stm32g4xx_it.o(.text.SysTick_Handler)
    [Anonymous Symbol]                       0x080040b0   Section        0  system_stm32g4xx.o(.text.SystemInit)
    [Anonymous Symbol]                       0x080040c4   Section        0  stm32g4xx_hal_tim.o(.text.TIM_Base_SetConfig)
    [Anonymous Symbol]                       0x080041d0   Section        0  stm32g4xx_hal_uart.o(.text.UART_AdvFeatureConfig)
    [Anonymous Symbol]                       0x080042b8   Section        0  stm32g4xx_hal_uart.o(.text.UART_SetConfig)
    [Anonymous Symbol]                       0x0800455c   Section        0  stm32g4xx_hal_uart.o(.text.UART_WaitOnFlagUntilTimeout)
    [Anonymous Symbol]                       0x08004770   Section        0  stm32g4xx_it.o(.text.UsageFault_Handler)
    [Anonymous Symbol]                       0x08004774   Section        0  key.o(.text.key_handle)
    [Anonymous Symbol]                       0x08004a08   Section        0  key.o(.text.keyscan)
    [Anonymous Symbol]                       0x08004ba4   Section        0  main.o(.text.main)
    [Anonymous Symbol]                       0x08004cbc   Section        0  key.o(.text.sw_handle)
    [Anonymous Symbol]                       0x08004da0   Section        0  gui.o(.text.sys_refresh)
    i.__0sprintf                             0x080052a4   Section        0  printfa.o(i.__0sprintf)
    i.__0vsprintf                            0x080052cc   Section        0  printfa.o(i.__0vsprintf)
    i.__scatterload_copy                     0x080052f0   Section       14  handlers.o(i.__scatterload_copy)
    i.__scatterload_null                     0x080052fe   Section        2  handlers.o(i.__scatterload_null)
    i.__scatterload_zeroinit                 0x08005300   Section       14  handlers.o(i.__scatterload_zeroinit)
    _fp_digits                               0x08005311   Thumb Code   366  printfa.o(i._fp_digits)
    i._fp_digits                             0x08005310   Section        0  printfa.o(i._fp_digits)
    _printf_core                             0x08005495   Thumb Code  1744  printfa.o(i._printf_core)
    i._printf_core                           0x08005494   Section        0  printfa.o(i._printf_core)
    _printf_post_padding                     0x08005b71   Thumb Code    36  printfa.o(i._printf_post_padding)
    i._printf_post_padding                   0x08005b70   Section        0  printfa.o(i._printf_post_padding)
    _printf_pre_padding                      0x08005b95   Thumb Code    46  printfa.o(i._printf_pre_padding)
    i._printf_pre_padding                    0x08005b94   Section        0  printfa.o(i._printf_pre_padding)
    _sputc                                   0x08005bc3   Thumb Code    10  printfa.o(i._sputc)
    i._sputc                                 0x08005bc2   Section        0  printfa.o(i._sputc)
    .Lswitch.table.UART_SetConfig.4          0x080061ec   Data          16  stm32g4xx_hal_uart.o(.rodata.cst16)
    UARTEx_SetNbDataToProcess.numerator      0x080061fc   Data           8  stm32g4xx_hal_uart_ex.o(.rodata.cst8)
    [Anonymous Symbol]                       0x080061fc   Section        0  stm32g4xx_hal_uart_ex.o(.rodata.cst8)
    UARTEx_SetNbDataToProcess.denominator    0x08006204   Data           8  stm32g4xx_hal_uart_ex.o(.rodata.cst8)
    .L.str.3                                 0x0800620c   Data          13  gui.o(.rodata.str1.1)
    [Anonymous Symbol]                       0x0800620c   Section        0  gui.o(.rodata.str1.1)
    .L.str.1                                 0x08006219   Data          13  gui.o(.rodata.str1.1)
    .L.str.2                                 0x08006226   Data          13  gui.o(.rodata.str1.1)
    .L.str.9                                 0x08006233   Data          14  gui.o(.rodata.str1.1)
    .L.str.7                                 0x08006241   Data          14  gui.o(.rodata.str1.1)
    .L.str.8                                 0x0800624f   Data          14  gui.o(.rodata.str1.1)
    .L_MergedGlobals                         0x20000000   Data           8  stm32g4xx_hal.o(.data..L_MergedGlobals)
    [Anonymous Symbol]                       0x20000000   Section        0  stm32g4xx_hal.o(.data..L_MergedGlobals)
    .L_MergedGlobals                         0x20000010   Data           6  key.o(.bss..L_MergedGlobals)
    [Anonymous Symbol]                       0x20000010   Section        0  key.o(.bss..L_MergedGlobals)
    .L_MergedGlobals                         0x20000018   Data          48  gui.o(.bss..L_MergedGlobals)
    [Anonymous Symbol]                       0x20000018   Section        0  gui.o(.bss..L_MergedGlobals)
    Lcd_print.buffer                         0x20000048   Data         128  lcd.o(.bss.Lcd_print.buffer)
    [Anonymous Symbol]                       0x20000048   Section        0  lcd.o(.bss.Lcd_print.buffer)
    line                                     0x200002b0   Data         320  lcd.o(.bss.line)
    [Anonymous Symbol]                       0x200002b0   Section        0  lcd.o(.bss.line)
    STACK                                    0x200003f8   Section     1024  startup_stm32g431xx.o(STACK)

    Global Symbols

    Symbol Name                              Value     Ov Type        Size  Object(Section)

    BuildAttributes$$THM_ISAv4$E$P$D$K$B$S$7EM$VFPi3$EXTD16$VFPS$VFMA$PE$A:L22UL41UL21$X:L11$S22US41US21$IEEE1$IW$~IW$USESV6$~STKCKD$USESV7$~SHL$OTIME$ROPI$EBA8$MICROLIB$REQ8$PRES8$EABIv2 0x00000000   Number         0  anon$$obj.o ABSOLUTE
    _printf_a                                0x00000000   Number         0  printfstubs.o ABSOLUTE
    _printf_c                                0x00000000   Number         0  printfstubs.o ABSOLUTE
    _printf_charcount                        0x00000000   Number         0  printfstubs.o ABSOLUTE
    _printf_d                                0x00000000   Number         0  printfstubs.o ABSOLUTE
    _printf_e                                0x00000000   Number         0  printfstubs.o ABSOLUTE
    _printf_f                                0x00000000   Number         0  printfstubs.o ABSOLUTE
    _printf_flags                            0x00000000   Number         0  printfstubs.o ABSOLUTE
    _printf_fp_dec                           0x00000000   Number         0  printfstubs.o ABSOLUTE
    _printf_fp_hex                           0x00000000   Number         0  printfstubs.o ABSOLUTE
    _printf_g                                0x00000000   Number         0  printfstubs.o ABSOLUTE
    _printf_i                                0x00000000   Number         0  printfstubs.o ABSOLUTE
    _printf_int_dec                          0x00000000   Number         0  printfstubs.o ABSOLUTE
    _printf_l                                0x00000000   Number         0  printfstubs.o ABSOLUTE
    _printf_lc                               0x00000000   Number         0  printfstubs.o ABSOLUTE
    _printf_ll                               0x00000000   Number         0  printfstubs.o ABSOLUTE
    _printf_lld                              0x00000000   Number         0  printfstubs.o ABSOLUTE
    _printf_lli                              0x00000000   Number         0  printfstubs.o ABSOLUTE
    _printf_llo                              0x00000000   Number         0  printfstubs.o ABSOLUTE
    _printf_llu                              0x00000000   Number         0  printfstubs.o ABSOLUTE
    _printf_llx                              0x00000000   Number         0  printfstubs.o ABSOLUTE
    _printf_longlong_dec                     0x00000000   Number         0  printfstubs.o ABSOLUTE
    _printf_longlong_hex                     0x00000000   Number         0  printfstubs.o ABSOLUTE
    _printf_longlong_oct                     0x00000000   Number         0  printfstubs.o ABSOLUTE
    _printf_ls                               0x00000000   Number         0  printfstubs.o ABSOLUTE
    _printf_mbtowc                           0x00000000   Number         0  printfstubs.o ABSOLUTE
    _printf_n                                0x00000000   Number         0  printfstubs.o ABSOLUTE
    _printf_o                                0x00000000   Number         0  printfstubs.o ABSOLUTE
    _printf_p                                0x00000000   Number         0  printfstubs.o ABSOLUTE
    _printf_percent                          0x00000000   Number         0  printfstubs.o ABSOLUTE
    _printf_pre_padding                      0x00000000   Number         0  printfstubs.o ABSOLUTE
    _printf_return_value                     0x00000000   Number         0  printfstubs.o ABSOLUTE
    _printf_s                                0x00000000   Number         0  printfstubs.o ABSOLUTE
    _printf_sizespec                         0x00000000   Number         0  printfstubs.o ABSOLUTE
    _printf_str                              0x00000000   Number         0  printfstubs.o ABSOLUTE
    _printf_truncate_signed                  0x00000000   Number         0  printfstubs.o ABSOLUTE
    _printf_truncate_unsigned                0x00000000   Number         0  printfstubs.o ABSOLUTE
    _printf_u                                0x00000000   Number         0  printfstubs.o ABSOLUTE
    _printf_wc                               0x00000000   Number         0  printfstubs.o ABSOLUTE
    _printf_wctomb                           0x00000000   Number         0  printfstubs.o ABSOLUTE
    _printf_widthprec                        0x00000000   Number         0  printfstubs.o ABSOLUTE
    _printf_x                                0x00000000   Number         0  printfstubs.o ABSOLUTE
    __cpp_initialize__aeabi_                  - Undefined Weak Reference
    __cxa_finalize                            - Undefined Weak Reference
    __decompress                              - Undefined Weak Reference
    _clock_init                               - Undefined Weak Reference
    _microlib_exit                            - Undefined Weak Reference
    __Vectors_Size                           0x000001d8   Number         0  startup_stm32g431xx.o ABSOLUTE
    __Vectors                                0x08000000   Data           4  startup_stm32g431xx.o(RESET)
    __Vectors_End                            0x080001d8   Data           0  startup_stm32g431xx.o(RESET)
    __main                                   0x080001d9   Thumb Code     0  entry.o(.ARM.Collect$$$$00000000)
    _main_stk                                0x080001d9   Thumb Code     0  entry2.o(.ARM.Collect$$$$00000001)
    _main_scatterload                        0x080001dd   Thumb Code     0  entry5.o(.ARM.Collect$$$$00000004)
    __main_after_scatterload                 0x080001e1   Thumb Code     0  entry5.o(.ARM.Collect$$$$00000004)
    _main_clock                              0x080001e1   Thumb Code     0  entry7b.o(.ARM.Collect$$$$00000008)
    _main_cpp_init                           0x080001e1   Thumb Code     0  entry8b.o(.ARM.Collect$$$$0000000A)
    _main_init                               0x080001e1   Thumb Code     0  entry9a.o(.ARM.Collect$$$$0000000B)
    __rt_final_cpp                           0x080001e9   Thumb Code     0  entry10a.o(.ARM.Collect$$$$0000000D)
    __rt_final_exit                          0x080001e9   Thumb Code     0  entry11a.o(.ARM.Collect$$$$0000000F)
    Reset_Handler                            0x080001ed   Thumb Code     8  startup_stm32g431xx.o(.text)
    ADC1_2_IRQHandler                        0x08000207   Thumb Code     0  startup_stm32g431xx.o(.text)
    COMP1_2_3_IRQHandler                     0x08000207   Thumb Code     0  startup_stm32g431xx.o(.text)
    COMP4_IRQHandler                         0x08000207   Thumb Code     0  startup_stm32g431xx.o(.text)
    CORDIC_IRQHandler                        0x08000207   Thumb Code     0  startup_stm32g431xx.o(.text)
    CRS_IRQHandler                           0x08000207   Thumb Code     0  startup_stm32g431xx.o(.text)
    DMA1_Channel1_IRQHandler                 0x08000207   Thumb Code     0  startup_stm32g431xx.o(.text)
    DMA1_Channel2_IRQHandler                 0x08000207   Thumb Code     0  startup_stm32g431xx.o(.text)
    DMA1_Channel3_IRQHandler                 0x08000207   Thumb Code     0  startup_stm32g431xx.o(.text)
    DMA1_Channel4_IRQHandler                 0x08000207   Thumb Code     0  startup_stm32g431xx.o(.text)
    DMA1_Channel5_IRQHandler                 0x08000207   Thumb Code     0  startup_stm32g431xx.o(.text)
    DMA1_Channel6_IRQHandler                 0x08000207   Thumb Code     0  startup_stm32g431xx.o(.text)
    DMA2_Channel1_IRQHandler                 0x08000207   Thumb Code     0  startup_stm32g431xx.o(.text)
    DMA2_Channel2_IRQHandler                 0x08000207   Thumb Code     0  startup_stm32g431xx.o(.text)
    DMA2_Channel3_IRQHandler                 0x08000207   Thumb Code     0  startup_stm32g431xx.o(.text)
    DMA2_Channel4_IRQHandler                 0x08000207   Thumb Code     0  startup_stm32g431xx.o(.text)
    DMA2_Channel5_IRQHandler                 0x08000207   Thumb Code     0  startup_stm32g431xx.o(.text)
    DMA2_Channel6_IRQHandler                 0x08000207   Thumb Code     0  startup_stm32g431xx.o(.text)
    DMAMUX_OVR_IRQHandler                    0x08000207   Thumb Code     0  startup_stm32g431xx.o(.text)
    EXTI0_IRQHandler                         0x08000207   Thumb Code     0  startup_stm32g431xx.o(.text)
    EXTI15_10_IRQHandler                     0x08000207   Thumb Code     0  startup_stm32g431xx.o(.text)
    EXTI1_IRQHandler                         0x08000207   Thumb Code     0  startup_stm32g431xx.o(.text)
    EXTI2_IRQHandler                         0x08000207   Thumb Code     0  startup_stm32g431xx.o(.text)
    EXTI3_IRQHandler                         0x08000207   Thumb Code     0  startup_stm32g431xx.o(.text)
    EXTI4_IRQHandler                         0x08000207   Thumb Code     0  startup_stm32g431xx.o(.text)
    EXTI9_5_IRQHandler                       0x08000207   Thumb Code     0  startup_stm32g431xx.o(.text)
    FDCAN1_IT0_IRQHandler                    0x08000207   Thumb Code     0  startup_stm32g431xx.o(.text)
    FDCAN1_IT1_IRQHandler                    0x08000207   Thumb Code     0  startup_stm32g431xx.o(.text)
    FLASH_IRQHandler                         0x08000207   Thumb Code     0  startup_stm32g431xx.o(.text)
    FMAC_IRQHandler                          0x08000207   Thumb Code     0  startup_stm32g431xx.o(.text)
    FPU_IRQHandler                           0x08000207   Thumb Code     0  startup_stm32g431xx.o(.text)
    I2C1_ER_IRQHandler                       0x08000207   Thumb Code     0  startup_stm32g431xx.o(.text)
    I2C1_EV_IRQHandler                       0x08000207   Thumb Code     0  startup_stm32g431xx.o(.text)
    I2C2_ER_IRQHandler                       0x08000207   Thumb Code     0  startup_stm32g431xx.o(.text)
    I2C2_EV_IRQHandler                       0x08000207   Thumb Code     0  startup_stm32g431xx.o(.text)
    I2C3_ER_IRQHandler                       0x08000207   Thumb Code     0  startup_stm32g431xx.o(.text)
    I2C3_EV_IRQHandler                       0x08000207   Thumb Code     0  startup_stm32g431xx.o(.text)
    LPTIM1_IRQHandler                        0x08000207   Thumb Code     0  startup_stm32g431xx.o(.text)
    LPUART1_IRQHandler                       0x08000207   Thumb Code     0  startup_stm32g431xx.o(.text)
    PVD_PVM_IRQHandler                       0x08000207   Thumb Code     0  startup_stm32g431xx.o(.text)
    RCC_IRQHandler                           0x08000207   Thumb Code     0  startup_stm32g431xx.o(.text)
    RNG_IRQHandler                           0x08000207   Thumb Code     0  startup_stm32g431xx.o(.text)
    RTC_Alarm_IRQHandler                     0x08000207   Thumb Code     0  startup_stm32g431xx.o(.text)
    RTC_TAMP_LSECSS_IRQHandler               0x08000207   Thumb Code     0  startup_stm32g431xx.o(.text)
    RTC_WKUP_IRQHandler                      0x08000207   Thumb Code     0  startup_stm32g431xx.o(.text)
    SAI1_IRQHandler                          0x08000207   Thumb Code     0  startup_stm32g431xx.o(.text)
    SPI1_IRQHandler                          0x08000207   Thumb Code     0  startup_stm32g431xx.o(.text)
    SPI2_IRQHandler                          0x08000207   Thumb Code     0  startup_stm32g431xx.o(.text)
    SPI3_IRQHandler                          0x08000207   Thumb Code     0  startup_stm32g431xx.o(.text)
    TIM1_BRK_TIM15_IRQHandler                0x08000207   Thumb Code     0  startup_stm32g431xx.o(.text)
    TIM1_CC_IRQHandler                       0x08000207   Thumb Code     0  startup_stm32g431xx.o(.text)
    TIM1_TRG_COM_TIM17_IRQHandler            0x08000207   Thumb Code     0  startup_stm32g431xx.o(.text)
    TIM1_UP_TIM16_IRQHandler                 0x08000207   Thumb Code     0  startup_stm32g431xx.o(.text)
    TIM2_IRQHandler                          0x08000207   Thumb Code     0  startup_stm32g431xx.o(.text)
    TIM3_IRQHandler                          0x08000207   Thumb Code     0  startup_stm32g431xx.o(.text)
    TIM4_IRQHandler                          0x08000207   Thumb Code     0  startup_stm32g431xx.o(.text)
    TIM6_DAC_IRQHandler                      0x08000207   Thumb Code     0  startup_stm32g431xx.o(.text)
    TIM7_IRQHandler                          0x08000207   Thumb Code     0  startup_stm32g431xx.o(.text)
    TIM8_BRK_IRQHandler                      0x08000207   Thumb Code     0  startup_stm32g431xx.o(.text)
    TIM8_CC_IRQHandler                       0x08000207   Thumb Code     0  startup_stm32g431xx.o(.text)
    TIM8_TRG_COM_IRQHandler                  0x08000207   Thumb Code     0  startup_stm32g431xx.o(.text)
    TIM8_UP_IRQHandler                       0x08000207   Thumb Code     0  startup_stm32g431xx.o(.text)
    UART4_IRQHandler                         0x08000207   Thumb Code     0  startup_stm32g431xx.o(.text)
    UCPD1_IRQHandler                         0x08000207   Thumb Code     0  startup_stm32g431xx.o(.text)
    USART1_IRQHandler                        0x08000207   Thumb Code     0  startup_stm32g431xx.o(.text)
    USART2_IRQHandler                        0x08000207   Thumb Code     0  startup_stm32g431xx.o(.text)
    USART3_IRQHandler                        0x08000207   Thumb Code     0  startup_stm32g431xx.o(.text)
    USBWakeUp_IRQHandler                     0x08000207   Thumb Code     0  startup_stm32g431xx.o(.text)
    USB_HP_IRQHandler                        0x08000207   Thumb Code     0  startup_stm32g431xx.o(.text)
    USB_LP_IRQHandler                        0x08000207   Thumb Code     0  startup_stm32g431xx.o(.text)
    WWDG_IRQHandler                          0x08000207   Thumb Code     0  startup_stm32g431xx.o(.text)
    __aeabi_uldivmod                         0x08000211   Thumb Code    98  uldiv.o(.text)
    __aeabi_memset                           0x08000273   Thumb Code    14  memseta.o(.text)
    __aeabi_memset4                          0x08000273   Thumb Code     0  memseta.o(.text)
    __aeabi_memset8                          0x08000273   Thumb Code     0  memseta.o(.text)
    __aeabi_memclr                           0x08000281   Thumb Code     4  memseta.o(.text)
    __aeabi_memclr4                          0x08000281   Thumb Code     0  memseta.o(.text)
    __aeabi_memclr8                          0x08000281   Thumb Code     0  memseta.o(.text)
    _memset$wrapper                          0x08000285   Thumb Code    18  memseta.o(.text)
    __aeabi_dadd                             0x08000297   Thumb Code   322  dadd.o(.text)
    __aeabi_dsub                             0x080003d9   Thumb Code     6  dadd.o(.text)
    __aeabi_drsub                            0x080003df   Thumb Code     6  dadd.o(.text)
    __aeabi_dmul                             0x080003e5   Thumb Code   228  dmul.o(.text)
    __aeabi_ddiv                             0x080004c9   Thumb Code   222  ddiv.o(.text)
    __aeabi_ui2d                             0x080005a7   Thumb Code    26  dfltui.o(.text)
    __aeabi_f2d                              0x080005c1   Thumb Code    38  f2d.o(.text)
    __aeabi_d2f                              0x080005e7   Thumb Code    56  d2f.o(.text)
    __aeabi_uidiv                            0x0800061f   Thumb Code     0  uidiv.o(.text)
    __aeabi_uidivmod                         0x0800061f   Thumb Code    44  uidiv.o(.text)
    __aeabi_llsl                             0x0800064b   Thumb Code    30  llshl.o(.text)
    _ll_shift_l                              0x0800064b   Thumb Code     0  llshl.o(.text)
    __aeabi_llsr                             0x08000669   Thumb Code    32  llushr.o(.text)
    _ll_ushift_r                             0x08000669   Thumb Code     0  llushr.o(.text)
    __aeabi_lasr                             0x08000689   Thumb Code    36  llsshr.o(.text)
    _ll_sshift_r                             0x08000689   Thumb Code     0  llsshr.o(.text)
    __I$use$fp                               0x080006ad   Thumb Code     0  iusefp.o(.text)
    _float_round                             0x080006ad   Thumb Code    18  fepilogue.o(.text)
    _float_epilogue                          0x080006bf   Thumb Code    92  fepilogue.o(.text)
    _double_round                            0x0800071b   Thumb Code    30  depilogue.o(.text)
    _double_epilogue                         0x08000739   Thumb Code   156  depilogue.o(.text)
    __aeabi_d2ulz                            0x080007d5   Thumb Code    48  dfixul.o(.text)
    __aeabi_cdrcmple                         0x08000805   Thumb Code    48  cdrcmple.o(.text)
    __scatterload                            0x08000835   Thumb Code    28  init.o(.text)
    __scatterload_rt2                        0x08000835   Thumb Code     0  init.o(.text)
    BusFault_Handler                         0x08000859   Thumb Code     2  stm32g4xx_it.o(.text.BusFault_Handler)
    DebugMon_Handler                         0x0800085d   Thumb Code     2  stm32g4xx_it.o(.text.DebugMon_Handler)
    Error_Handler                            0x08000861   Thumb Code    10  main.o(.text.Error_Handler)
    HAL_Delay                                0x0800086d   Thumb Code    40  stm32g4xx_hal.o(.text.HAL_Delay)
    HAL_GPIO_Init                            0x08000895   Thumb Code   426  stm32g4xx_hal_gpio.o(.text.HAL_GPIO_Init)
    HAL_GPIO_ReadPin                         0x08000a41   Thumb Code    10  stm32g4xx_hal_gpio.o(.text.HAL_GPIO_ReadPin)
    HAL_GPIO_WritePin                        0x08000a4d   Thumb Code    12  stm32g4xx_hal_gpio.o(.text.HAL_GPIO_WritePin)
    HAL_GetTick                              0x08000a59   Thumb Code    12  stm32g4xx_hal.o(.text.HAL_GetTick)
    HAL_IncTick                              0x08000a65   Thumb Code    26  stm32g4xx_hal.o(.text.HAL_IncTick)
    HAL_Init                                 0x08000a81   Thumb Code    30  stm32g4xx_hal.o(.text.HAL_Init)
    HAL_InitTick                             0x08000aa1   Thumb Code    76  stm32g4xx_hal.o(.text.HAL_InitTick)
    HAL_MspInit                              0x08000aed   Thumb Code    52  stm32g4xx_hal_msp.o(.text.HAL_MspInit)
    HAL_NVIC_SetPriority                     0x08000b21   Thumb Code    86  stm32g4xx_hal_cortex.o(.text.HAL_NVIC_SetPriority)
    HAL_NVIC_SetPriorityGrouping             0x08000b79   Thumb Code    32  stm32g4xx_hal_cortex.o(.text.HAL_NVIC_SetPriorityGrouping)
    HAL_PWREx_ControlVoltageScaling          0x08000b99   Thumb Code   294  stm32g4xx_hal_pwr_ex.o(.text.HAL_PWREx_ControlVoltageScaling)
    HAL_PWREx_DisableUCPDDeadBattery         0x08000cc1   Thumb Code    18  stm32g4xx_hal_pwr_ex.o(.text.HAL_PWREx_DisableUCPDDeadBattery)
    HAL_RCCEx_PeriphCLKConfig                0x08000cd5   Thumb Code   618  stm32g4xx_hal_rcc_ex.o(.text.HAL_RCCEx_PeriphCLKConfig)
    HAL_RCC_ClockConfig                      0x08000f41   Thumb Code   788  stm32g4xx_hal_rcc.o(.text.HAL_RCC_ClockConfig)
    HAL_RCC_GetPCLK1Freq                     0x08001255   Thumb Code    42  stm32g4xx_hal_rcc.o(.text.HAL_RCC_GetPCLK1Freq)
    HAL_RCC_GetPCLK2Freq                     0x08001281   Thumb Code    42  stm32g4xx_hal_rcc.o(.text.HAL_RCC_GetPCLK2Freq)
    HAL_RCC_GetSysClockFreq                  0x080012ad   Thumb Code   126  stm32g4xx_hal_rcc.o(.text.HAL_RCC_GetSysClockFreq)
    HAL_RCC_OscConfig                        0x0800132d   Thumb Code  1200  stm32g4xx_hal_rcc.o(.text.HAL_RCC_OscConfig)
    HAL_SPI_Init                             0x080017dd   Thumb Code   228  stm32g4xx_hal_spi.o(.text.HAL_SPI_Init)
    HAL_SPI_MspInit                          0x080018c1   Thumb Code   100  spi.o(.text.HAL_SPI_MspInit)
    HAL_SPI_Transmit                         0x08001925   Thumb Code   580  stm32g4xx_hal_spi.o(.text.HAL_SPI_Transmit)
    HAL_SYSTICK_Config                       0x08001b69   Thumb Code    44  stm32g4xx_hal_cortex.o(.text.HAL_SYSTICK_Config)
    HAL_TIMEx_ConfigBreakDeadTime            0x08001b95   Thumb Code   192  stm32g4xx_hal_tim_ex.o(.text.HAL_TIMEx_ConfigBreakDeadTime)
    HAL_TIMEx_MasterConfigSynchronization    0x08001c55   Thumb Code   162  stm32g4xx_hal_tim_ex.o(.text.HAL_TIMEx_MasterConfigSynchronization)
    HAL_TIM_Base_Init                        0x08001cf9   Thumb Code    98  stm32g4xx_hal_tim.o(.text.HAL_TIM_Base_Init)
    HAL_TIM_Base_MspInit                     0x08001d5d   Thumb Code   126  tim.o(.text.HAL_TIM_Base_MspInit)
    HAL_TIM_ConfigClockSource                0x08001ddd   Thumb Code   512  stm32g4xx_hal_tim.o(.text.HAL_TIM_ConfigClockSource)
    HAL_TIM_PWM_ConfigChannel                0x08001fdd   Thumb Code   974  stm32g4xx_hal_tim.o(.text.HAL_TIM_PWM_ConfigChannel)
    HAL_TIM_PWM_Init                         0x080023ad   Thumb Code    98  stm32g4xx_hal_tim.o(.text.HAL_TIM_PWM_Init)
    HAL_TIM_PWM_MspInit                      0x08002411   Thumb Code     2  stm32g4xx_hal_tim.o(.text.HAL_TIM_PWM_MspInit)
    HAL_TIM_PWM_Start                        0x08002415   Thumb Code   390  stm32g4xx_hal_tim.o(.text.HAL_TIM_PWM_Start)
    HAL_UARTEx_DisableFifoMode               0x0800259d   Thumb Code    54  stm32g4xx_hal_uart_ex.o(.text.HAL_UARTEx_DisableFifoMode)
    HAL_UARTEx_SetRxFifoThreshold            0x080025d5   Thumb Code   140  stm32g4xx_hal_uart_ex.o(.text.HAL_UARTEx_SetRxFifoThreshold)
    HAL_UARTEx_SetTxFifoThreshold            0x08002661   Thumb Code   140  stm32g4xx_hal_uart_ex.o(.text.HAL_UARTEx_SetTxFifoThreshold)
    HAL_UART_Init                            0x080026ed   Thumb Code   202  stm32g4xx_hal_uart.o(.text.HAL_UART_Init)
    HAL_UART_MspInit                         0x080027b9   Thumb Code   134  usart.o(.text.HAL_UART_MspInit)
    HardFault_Handler                        0x08002841   Thumb Code     2  stm32g4xx_it.o(.text.HardFault_Handler)
    Lcd_Address_Set                          0x08002845   Thumb Code   268  lcd.o(.text.Lcd_Address_Set)
    Lcd_Clear                                0x08002951   Thumb Code   186  lcd.o(.text.Lcd_Clear)
    Lcd_Init                                 0x08002a0d   Thumb Code  2938  lcd.o(.text.Lcd_Init)
    Lcd_ShowChar                             0x08003589   Thumb Code   402  lcd.o(.text.Lcd_ShowChar)
    Lcd_ShowString                           0x0800371d   Thumb Code   204  lcd.o(.text.Lcd_ShowString)
    Lcd_print                                0x080037e9   Thumb Code    46  lcd.o(.text.Lcd_print)
    MX_GPIO_Init                             0x08003819   Thumb Code   246  gpio.o(.text.MX_GPIO_Init)
    MX_SPI1_Init                             0x08003911   Thumb Code    86  spi.o(.text.MX_SPI1_Init)
    MX_TIM15_Init                            0x08003969   Thumb Code   406  tim.o(.text.MX_TIM15_Init)
    MX_TIM2_Init                             0x08003b01   Thumb Code   350  tim.o(.text.MX_TIM2_Init)
    MX_TIM3_Init                             0x08003c61   Thumb Code   350  tim.o(.text.MX_TIM3_Init)
    MX_USART1_UART_Init                      0x08003dc1   Thumb Code   130  usart.o(.text.MX_USART1_UART_Init)
    MemManage_Handler                        0x08003e45   Thumb Code     2  stm32g4xx_it.o(.text.MemManage_Handler)
    NMI_Handler                              0x08003e49   Thumb Code     2  stm32g4xx_it.o(.text.NMI_Handler)
    PendSV_Handler                           0x08003e4d   Thumb Code     2  stm32g4xx_it.o(.text.PendSV_Handler)
    SVC_Handler                              0x080040a9   Thumb Code     2  stm32g4xx_it.o(.text.SVC_Handler)
    SysTick_Handler                          0x080040ad   Thumb Code     4  stm32g4xx_it.o(.text.SysTick_Handler)
    SystemInit                               0x080040b1   Thumb Code    18  system_stm32g4xx.o(.text.SystemInit)
    TIM_Base_SetConfig                       0x080040c5   Thumb Code   266  stm32g4xx_hal_tim.o(.text.TIM_Base_SetConfig)
    UART_AdvFeatureConfig                    0x080041d1   Thumb Code   232  stm32g4xx_hal_uart.o(.text.UART_AdvFeatureConfig)
    UART_SetConfig                           0x080042b9   Thumb Code   660  stm32g4xx_hal_uart.o(.text.UART_SetConfig)
    UART_WaitOnFlagUntilTimeout              0x0800455d   Thumb Code   530  stm32g4xx_hal_uart.o(.text.UART_WaitOnFlagUntilTimeout)
    UsageFault_Handler                       0x08004771   Thumb Code     2  stm32g4xx_it.o(.text.UsageFault_Handler)
    key_handle                               0x08004775   Thumb Code   660  key.o(.text.key_handle)
    keyscan                                  0x08004a09   Thumb Code   412  key.o(.text.keyscan)
    main                                     0x08004ba5   Thumb Code   278  main.o(.text.main)
    sw_handle                                0x08004cbd   Thumb Code   224  key.o(.text.sw_handle)
    sys_refresh                              0x08004da1   Thumb Code  1144  gui.o(.text.sys_refresh)
    __0sprintf                               0x080052a5   Thumb Code    34  printfa.o(i.__0sprintf)
    __1sprintf                               0x080052a5   Thumb Code     0  printfa.o(i.__0sprintf)
    __2sprintf                               0x080052a5   Thumb Code     0  printfa.o(i.__0sprintf)
    __c89sprintf                             0x080052a5   Thumb Code     0  printfa.o(i.__0sprintf)
    sprintf                                  0x080052a5   Thumb Code     0  printfa.o(i.__0sprintf)
    __0vsprintf                              0x080052cd   Thumb Code    30  printfa.o(i.__0vsprintf)
    __1vsprintf                              0x080052cd   Thumb Code     0  printfa.o(i.__0vsprintf)
    __2vsprintf                              0x080052cd   Thumb Code     0  printfa.o(i.__0vsprintf)
    __c89vsprintf                            0x080052cd   Thumb Code     0  printfa.o(i.__0vsprintf)
    vsprintf                                 0x080052cd   Thumb Code     0  printfa.o(i.__0vsprintf)
    __scatterload_copy                       0x080052f1   Thumb Code    14  handlers.o(i.__scatterload_copy)
    __scatterload_null                       0x080052ff   Thumb Code     2  handlers.o(i.__scatterload_null)
    __scatterload_zeroinit                   0x08005301   Thumb Code    14  handlers.o(i.__scatterload_zeroinit)
    AHBPrescTable                            0x08005bcc   Data          16  system_stm32g4xx.o(.rodata.AHBPrescTable)
    APBPrescTable                            0x08005bdc   Data           8  system_stm32g4xx.o(.rodata.APBPrescTable)
    UARTPrescTable                           0x08005be4   Data          24  stm32g4xx_hal_uart.o(.rodata.UARTPrescTable)
    ascii_1608                               0x08005bfc   Data        1520  lcd.o(.rodata.ascii_1608)
    Region$$Table$$Base                      0x08006260   Number         0  anon$$obj.o(Region$$Table)
    Region$$Table$$Limit                     0x08006280   Number         0  anon$$obj.o(Region$$Table)
    uwTickPrio                               0x20000000   Data           4  stm32g4xx_hal.o(.data..L_MergedGlobals)
    uwTickFreq                               0x20000004   Data           4  stm32g4xx_hal.o(.data..L_MergedGlobals)
    SystemCoreClock                          0x20000008   Data           4  system_stm32g4xx.o(.data.SystemCoreClock)
    sw_status                                0x20000010   Data           3  key.o(.bss..L_MergedGlobals)
    zkb                                      0x20000013   Data           3  key.o(.bss..L_MergedGlobals)
    channal_choose                           0x20000018   Data           1  gui.o(.bss..L_MergedGlobals)
    channal_chooseN                          0x20000019   Data           1  gui.o(.bss..L_MergedGlobals)
    unit_chooseN                             0x2000001a   Data           1  gui.o(.bss..L_MergedGlobals)
    unit_choose                              0x2000001b   Data           1  gui.o(.bss..L_MergedGlobals)
    freqshownext                             0x2000001c   Data          12  gui.o(.bss..L_MergedGlobals)
    freqshownow                              0x20000028   Data          12  gui.o(.bss..L_MergedGlobals)
    lcdprinter                               0x20000034   Data          20  gui.o(.bss..L_MergedGlobals)
    hspi1                                    0x200000c8   Data         100  spi.o(.bss.hspi1)
    htim15                                   0x2000012c   Data          76  tim.o(.bss.htim15)
    htim2                                    0x20000178   Data          76  tim.o(.bss.htim2)
    htim3                                    0x200001c4   Data          76  tim.o(.bss.htim3)
    huart1                                   0x20000210   Data         144  usart.o(.bss.huart1)
    key                                      0x200002a0   Data          16  key.o(.bss.key)
    uwTick                                   0x200003f0   Data           4  stm32g4xx_hal.o(.bss.uwTick)
    __initial_sp                             0x200007f8   Data           0  startup_stm32g431xx.o(STACK)



==============================================================================

Memory Map of the image

  Image Entry point : 0x080001d9

  Load Region LR_IROM1 (Base: 0x08000000, Size: 0x00006290, Max: 0x00020000, ABSOLUTE)

    Execution Region ER_IROM1 (Exec base: 0x08000000, Load base: 0x08000000, Size: 0x00006280, Max: 0x00020000, ABSOLUTE)

    Exec Addr    Load Addr    Size         Type   Attr      Idx    E Section Name        Object

    0x08000000   0x08000000   0x000001d8   Data   RO            3    RESET               startup_stm32g431xx.o
    0x080001d8   0x080001d8   0x00000000   Code   RO         1394  * .ARM.Collect$$$$00000000  mc_w.l(entry.o)
    0x080001d8   0x080001d8   0x00000004   Code   RO         1674    .ARM.Collect$$$$00000001  mc_w.l(entry2.o)
    0x080001dc   0x080001dc   0x00000004   Code   RO         1677    .ARM.Collect$$$$00000004  mc_w.l(entry5.o)
    0x080001e0   0x080001e0   0x00000000   Code   RO         1679    .ARM.Collect$$$$00000008  mc_w.l(entry7b.o)
    0x080001e0   0x080001e0   0x00000000   Code   RO         1681    .ARM.Collect$$$$0000000A  mc_w.l(entry8b.o)
    0x080001e0   0x080001e0   0x00000008   Code   RO         1682    .ARM.Collect$$$$0000000B  mc_w.l(entry9a.o)
    0x080001e8   0x080001e8   0x00000000   Code   RO         1684    .ARM.Collect$$$$0000000D  mc_w.l(entry10a.o)
    0x080001e8   0x080001e8   0x00000000   Code   RO         1686    .ARM.Collect$$$$0000000F  mc_w.l(entry11a.o)
    0x080001e8   0x080001e8   0x00000004   Code   RO         1675    .ARM.Collect$$$$00002712  mc_w.l(entry2.o)
    0x080001ec   0x080001ec   0x00000024   Code   RO            4    .text               startup_stm32g431xx.o
    0x08000210   0x08000210   0x00000062   Code   RO         1397    .text               mc_w.l(uldiv.o)
    0x08000272   0x08000272   0x00000024   Code   RO         1399    .text               mc_w.l(memseta.o)
    0x08000296   0x08000296   0x0000014e   Code   RO         1662    .text               mf_w.l(dadd.o)
    0x080003e4   0x080003e4   0x000000e4   Code   RO         1664    .text               mf_w.l(dmul.o)
    0x080004c8   0x080004c8   0x000000de   Code   RO         1666    .text               mf_w.l(ddiv.o)
    0x080005a6   0x080005a6   0x0000001a   Code   RO         1668    .text               mf_w.l(dfltui.o)
    0x080005c0   0x080005c0   0x00000026   Code   RO         1670    .text               mf_w.l(f2d.o)
    0x080005e6   0x080005e6   0x00000038   Code   RO         1672    .text               mf_w.l(d2f.o)
    0x0800061e   0x0800061e   0x0000002c   Code   RO         1702    .text               mc_w.l(uidiv.o)
    0x0800064a   0x0800064a   0x0000001e   Code   RO         1704    .text               mc_w.l(llshl.o)
    0x08000668   0x08000668   0x00000020   Code   RO         1706    .text               mc_w.l(llushr.o)
    0x08000688   0x08000688   0x00000024   Code   RO         1708    .text               mc_w.l(llsshr.o)
    0x080006ac   0x080006ac   0x00000000   Code   RO         1710    .text               mc_w.l(iusefp.o)
    0x080006ac   0x080006ac   0x0000006e   Code   RO         1711    .text               mf_w.l(fepilogue.o)
    0x0800071a   0x0800071a   0x000000ba   Code   RO         1713    .text               mf_w.l(depilogue.o)
    0x080007d4   0x080007d4   0x00000030   Code   RO         1715    .text               mf_w.l(dfixul.o)
    0x08000804   0x08000804   0x00000030   Code   RO         1717    .text               mf_w.l(cdrcmple.o)
    0x08000834   0x08000834   0x00000024   Code   RO         1719    .text               mc_w.l(init.o)
    0x08000858   0x08000858   0x00000002   Code   RO          169    .text.BusFault_Handler  stm32g4xx_it.o
    0x0800085a   0x0800085a   0x00000002   PAD
    0x0800085c   0x0800085c   0x00000002   Code   RO          175    .text.DebugMon_Handler  stm32g4xx_it.o
    0x0800085e   0x0800085e   0x00000002   PAD
    0x08000860   0x08000860   0x0000000a   Code   RO           90    .text.Error_Handler  main.o
    0x0800086a   0x0800086a   0x00000002   PAD
    0x0800086c   0x0800086c   0x00000028   Code   RO          341    .text.HAL_Delay     stm32g4xx_hal.o
    0x08000894   0x08000894   0x000001aa   Code   RO          555    .text.HAL_GPIO_Init  stm32g4xx_hal_gpio.o
    0x08000a3e   0x08000a3e   0x00000002   PAD
    0x08000a40   0x08000a40   0x0000000a   Code   RO          559    .text.HAL_GPIO_ReadPin  stm32g4xx_hal_gpio.o
    0x08000a4a   0x08000a4a   0x00000002   PAD
    0x08000a4c   0x08000a4c   0x0000000c   Code   RO          561    .text.HAL_GPIO_WritePin  stm32g4xx_hal_gpio.o
    0x08000a58   0x08000a58   0x0000000c   Code   RO          333    .text.HAL_GetTick   stm32g4xx_hal.o
    0x08000a64   0x08000a64   0x0000001a   Code   RO          331    .text.HAL_IncTick   stm32g4xx_hal.o
    0x08000a7e   0x08000a7e   0x00000002   PAD
    0x08000a80   0x08000a80   0x0000001e   Code   RO          321    .text.HAL_Init      stm32g4xx_hal.o
    0x08000a9e   0x08000a9e   0x00000002   PAD
    0x08000aa0   0x08000aa0   0x0000004c   Code   RO          323    .text.HAL_InitTick  stm32g4xx_hal.o
    0x08000aec   0x08000aec   0x00000034   Code   RO          188    .text.HAL_MspInit   stm32g4xx_hal_msp.o
    0x08000b20   0x08000b20   0x00000056   Code   RO          779    .text.HAL_NVIC_SetPriority  stm32g4xx_hal_cortex.o
    0x08000b76   0x08000b76   0x00000002   PAD
    0x08000b78   0x08000b78   0x00000020   Code   RO          777    .text.HAL_NVIC_SetPriorityGrouping  stm32g4xx_hal_cortex.o
    0x08000b98   0x08000b98   0x00000126   Code   RO          697    .text.HAL_PWREx_ControlVoltageScaling  stm32g4xx_hal_pwr_ex.o
    0x08000cbe   0x08000cbe   0x00000002   PAD
    0x08000cc0   0x08000cc0   0x00000012   Code   RO          767    .text.HAL_PWREx_DisableUCPDDeadBattery  stm32g4xx_hal_pwr_ex.o
    0x08000cd2   0x08000cd2   0x00000002   PAD
    0x08000cd4   0x08000cd4   0x0000026a   Code   RO          439    .text.HAL_RCCEx_PeriphCLKConfig  stm32g4xx_hal_rcc_ex.o
    0x08000f3e   0x08000f3e   0x00000002   PAD
    0x08000f40   0x08000f40   0x00000314   Code   RO          405    .text.HAL_RCC_ClockConfig  stm32g4xx_hal_rcc.o
    0x08001254   0x08001254   0x0000002a   Code   RO          413    .text.HAL_RCC_GetPCLK1Freq  stm32g4xx_hal_rcc.o
    0x0800127e   0x0800127e   0x00000002   PAD
    0x08001280   0x08001280   0x0000002a   Code   RO          415    .text.HAL_RCC_GetPCLK2Freq  stm32g4xx_hal_rcc.o
    0x080012aa   0x080012aa   0x00000002   PAD
    0x080012ac   0x080012ac   0x0000007e   Code   RO          407    .text.HAL_RCC_GetSysClockFreq  stm32g4xx_hal_rcc.o
    0x0800132a   0x0800132a   0x00000002   PAD
    0x0800132c   0x0800132c   0x000004b0   Code   RO          403    .text.HAL_RCC_OscConfig  stm32g4xx_hal_rcc.o
    0x080017dc   0x080017dc   0x000000e4   Code   RO          196    .text.HAL_SPI_Init  stm32g4xx_hal_spi.o
    0x080018c0   0x080018c0   0x00000064   Code   RO          112    .text.HAL_SPI_MspInit  spi.o
    0x08001924   0x08001924   0x00000244   Code   RO          204    .text.HAL_SPI_Transmit  stm32g4xx_hal_spi.o
    0x08001b68   0x08001b68   0x0000002c   Code   RO          789    .text.HAL_SYSTICK_Config  stm32g4xx_hal_cortex.o
    0x08001b94   0x08001b94   0x000000c0   Code   RO         1120    .text.HAL_TIMEx_ConfigBreakDeadTime  stm32g4xx_hal_tim_ex.o
    0x08001c54   0x08001c54   0x000000a2   Code   RO         1118    .text.HAL_TIMEx_MasterConfigSynchronization  stm32g4xx_hal_tim_ex.o
    0x08001cf6   0x08001cf6   0x00000002   PAD
    0x08001cf8   0x08001cf8   0x00000062   Code   RO          823    .text.HAL_TIM_Base_Init  stm32g4xx_hal_tim.o
    0x08001d5a   0x08001d5a   0x00000002   PAD
    0x08001d5c   0x08001d5c   0x0000007e   Code   RO          133    .text.HAL_TIM_Base_MspInit  tim.o
    0x08001dda   0x08001dda   0x00000002   PAD
    0x08001ddc   0x08001ddc   0x00000200   Code   RO         1003    .text.HAL_TIM_ConfigClockSource  stm32g4xx_hal_tim.o
    0x08001fdc   0x08001fdc   0x000003ce   Code   RO          977    .text.HAL_TIM_PWM_ConfigChannel  stm32g4xx_hal_tim.o
    0x080023aa   0x080023aa   0x00000002   PAD
    0x080023ac   0x080023ac   0x00000062   Code   RO          877    .text.HAL_TIM_PWM_Init  stm32g4xx_hal_tim.o
    0x0800240e   0x0800240e   0x00000002   PAD
    0x08002410   0x08002410   0x00000002   Code   RO          879    .text.HAL_TIM_PWM_MspInit  stm32g4xx_hal_tim.o
    0x08002412   0x08002412   0x00000002   PAD
    0x08002414   0x08002414   0x00000186   Code   RO          885    .text.HAL_TIM_PWM_Start  stm32g4xx_hal_tim.o
    0x0800259a   0x0800259a   0x00000002   PAD
    0x0800259c   0x0800259c   0x00000036   Code   RO         1359    .text.HAL_UARTEx_DisableFifoMode  stm32g4xx_hal_uart_ex.o
    0x080025d2   0x080025d2   0x00000002   PAD
    0x080025d4   0x080025d4   0x0000008c   Code   RO         1363    .text.HAL_UARTEx_SetRxFifoThreshold  stm32g4xx_hal_uart_ex.o
    0x08002660   0x08002660   0x0000008c   Code   RO         1361    .text.HAL_UARTEx_SetTxFifoThreshold  stm32g4xx_hal_uart_ex.o
    0x080026ec   0x080026ec   0x000000ca   Code   RO         1197    .text.HAL_UART_Init  stm32g4xx_hal_uart.o
    0x080027b6   0x080027b6   0x00000002   PAD
    0x080027b8   0x080027b8   0x00000086   Code   RO          150    .text.HAL_UART_MspInit  usart.o
    0x0800283e   0x0800283e   0x00000002   PAD
    0x08002840   0x08002840   0x00000002   Code   RO          165    .text.HardFault_Handler  stm32g4xx_it.o
    0x08002842   0x08002842   0x00000002   PAD
    0x08002844   0x08002844   0x0000010c   Code   RO           21    .text.Lcd_Address_Set  lcd.o
    0x08002950   0x08002950   0x000000ba   Code   RO           25    .text.Lcd_Clear     lcd.o
    0x08002a0a   0x08002a0a   0x00000002   PAD
    0x08002a0c   0x08002a0c   0x00000b7a   Code   RO           23    .text.Lcd_Init      lcd.o
    0x08003586   0x08003586   0x00000002   PAD
    0x08003588   0x08003588   0x00000192   Code   RO           37    .text.Lcd_ShowChar  lcd.o
    0x0800371a   0x0800371a   0x00000002   PAD
    0x0800371c   0x0800371c   0x000000cc   Code   RO           39    .text.Lcd_ShowString  lcd.o
    0x080037e8   0x080037e8   0x0000002e   Code   RO           41    .text.Lcd_print     lcd.o
    0x08003816   0x08003816   0x00000002   PAD
    0x08003818   0x08003818   0x000000f6   Code   RO          101    .text.MX_GPIO_Init  gpio.o
    0x0800390e   0x0800390e   0x00000002   PAD
    0x08003910   0x08003910   0x00000056   Code   RO          110    .text.MX_SPI1_Init  spi.o
    0x08003966   0x08003966   0x00000002   PAD
    0x08003968   0x08003968   0x00000196   Code   RO          131    .text.MX_TIM15_Init  tim.o
    0x08003afe   0x08003afe   0x00000002   PAD
    0x08003b00   0x08003b00   0x0000015e   Code   RO          125    .text.MX_TIM2_Init  tim.o
    0x08003c5e   0x08003c5e   0x00000002   PAD
    0x08003c60   0x08003c60   0x0000015e   Code   RO          129    .text.MX_TIM3_Init  tim.o
    0x08003dbe   0x08003dbe   0x00000002   PAD
    0x08003dc0   0x08003dc0   0x00000082   Code   RO          148    .text.MX_USART1_UART_Init  usart.o
    0x08003e42   0x08003e42   0x00000002   PAD
    0x08003e44   0x08003e44   0x00000002   Code   RO          167    .text.MemManage_Handler  stm32g4xx_it.o
    0x08003e46   0x08003e46   0x00000002   PAD
    0x08003e48   0x08003e48   0x00000002   Code   RO          163    .text.NMI_Handler   stm32g4xx_it.o
    0x08003e4a   0x08003e4a   0x00000002   PAD
    0x08003e4c   0x08003e4c   0x00000002   Code   RO          177    .text.PendSV_Handler  stm32g4xx_it.o
    0x08003e4e   0x08003e4e   0x00000002   PAD
    0x08003e50   0x08003e50   0x00000186   Code   RO          258    .text.SPI_WaitFifoStateUntilTimeout  stm32g4xx_hal_spi.o
    0x08003fd6   0x08003fd6   0x00000002   PAD
    0x08003fd8   0x08003fd8   0x000000ce   Code   RO          260    .text.SPI_WaitFlagStateUntilTimeout  stm32g4xx_hal_spi.o
    0x080040a6   0x080040a6   0x00000002   PAD
    0x080040a8   0x080040a8   0x00000002   Code   RO          173    .text.SVC_Handler   stm32g4xx_it.o
    0x080040aa   0x080040aa   0x00000002   PAD
    0x080040ac   0x080040ac   0x00000004   Code   RO          179    .text.SysTick_Handler  stm32g4xx_it.o
    0x080040b0   0x080040b0   0x00000012   Code   RO         1380    .text.SystemInit    system_stm32g4xx.o
    0x080040c2   0x080040c2   0x00000002   PAD
    0x080040c4   0x080040c4   0x0000010a   Code   RO          827    .text.TIM_Base_SetConfig  stm32g4xx_hal_tim.o
    0x080041ce   0x080041ce   0x00000002   PAD
    0x080041d0   0x080041d0   0x000000e8   Code   RO         1203    .text.UART_AdvFeatureConfig  stm32g4xx_hal_uart.o
    0x080042b8   0x080042b8   0x000002a4   Code   RO         1201    .text.UART_SetConfig  stm32g4xx_hal_uart.o
    0x0800455c   0x0800455c   0x00000212   Code   RO         1219    .text.UART_WaitOnFlagUntilTimeout  stm32g4xx_hal_uart.o
    0x0800476e   0x0800476e   0x00000002   PAD
    0x08004770   0x08004770   0x00000002   Code   RO          171    .text.UsageFault_Handler  stm32g4xx_it.o
    0x08004772   0x08004772   0x00000002   PAD
    0x08004774   0x08004774   0x00000294   Code   RO           58    .text.key_handle    key.o
    0x08004a08   0x08004a08   0x0000019c   Code   RO           56    .text.keyscan       key.o
    0x08004ba4   0x08004ba4   0x00000116   Code   RO           86    .text.main          main.o
    0x08004cba   0x08004cba   0x00000002   PAD
    0x08004cbc   0x08004cbc   0x000000e0   Code   RO           60    .text.sw_handle     key.o
    0x08004d9c   0x08004d9c   0x00000004   PAD
    0x08004da0   0x08004da0   0x00000504   Code   RO           72    .text.sys_refresh   gui.o
    0x080052a4   0x080052a4   0x00000028   Code   RO         1636    i.__0sprintf        mc_w.l(printfa.o)
    0x080052cc   0x080052cc   0x00000024   Code   RO         1640    i.__0vsprintf       mc_w.l(printfa.o)
    0x080052f0   0x080052f0   0x0000000e   Code   RO         1725    i.__scatterload_copy  mc_w.l(handlers.o)
    0x080052fe   0x080052fe   0x00000002   Code   RO         1726    i.__scatterload_null  mc_w.l(handlers.o)
    0x08005300   0x08005300   0x0000000e   Code   RO         1727    i.__scatterload_zeroinit  mc_w.l(handlers.o)
    0x0800530e   0x0800530e   0x00000002   PAD
    0x08005310   0x08005310   0x00000184   Code   RO         1641    i._fp_digits        mc_w.l(printfa.o)
    0x08005494   0x08005494   0x000006dc   Code   RO         1642    i._printf_core      mc_w.l(printfa.o)
    0x08005b70   0x08005b70   0x00000024   Code   RO         1643    i._printf_post_padding  mc_w.l(printfa.o)
    0x08005b94   0x08005b94   0x0000002e   Code   RO         1644    i._printf_pre_padding  mc_w.l(printfa.o)
    0x08005bc2   0x08005bc2   0x0000000a   Code   RO         1646    i._sputc            mc_w.l(printfa.o)
    0x08005bcc   0x08005bcc   0x00000010   Data   RO         1385    .rodata.AHBPrescTable  system_stm32g4xx.o
    0x08005bdc   0x08005bdc   0x00000008   Data   RO         1386    .rodata.APBPrescTable  system_stm32g4xx.o
    0x08005be4   0x08005be4   0x00000018   Data   RO         1331    .rodata.UARTPrescTable  stm32g4xx_hal_uart.o
    0x08005bfc   0x08005bfc   0x000005f0   Data   RO           45    .rodata.ascii_1608  lcd.o
    0x080061ec   0x080061ec   0x00000010   Data   RO         1332    .rodata.cst16       stm32g4xx_hal_uart.o
    0x080061fc   0x080061fc   0x00000010   Data   RO         1371    .rodata.cst8        stm32g4xx_hal_uart_ex.o
    0x0800620c   0x0800620c   0x00000051   Data   RO           76    .rodata.str1.1      gui.o
    0x0800625d   0x0800625d   0x00000003   PAD
    0x08006260   0x08006260   0x00000020   Data   RO         1724    Region$$Table       anon$$obj.o


    Execution Region RW_IRAM1 (Exec base: 0x20000000, Load base: 0x08006280, Size: 0x000007f8, Max: 0x00008000, ABSOLUTE)

    Exec Addr    Load Addr    Size         Type   Attr      Idx    E Section Name        Object

    0x20000000   0x08006280   0x00000008   Data   RW          392    .data..L_MergedGlobals  stm32g4xx_hal.o
    0x20000008   0x08006288   0x00000004   Data   RW         1384    .data.SystemCoreClock  system_stm32g4xx.o
    0x2000000c   0x0800628c   0x00000004   PAD
    0x20000010        -       0x00000006   Zero   RW           64    .bss..L_MergedGlobals  key.o
    0x20000016   0x0800628c   0x00000002   PAD
    0x20000018        -       0x00000030   Zero   RW           77    .bss..L_MergedGlobals  gui.o
    0x20000048        -       0x00000080   Zero   RW           47    .bss.Lcd_print.buffer  lcd.o
    0x200000c8        -       0x00000064   Zero   RW          116    .bss.hspi1          spi.o
    0x2000012c        -       0x0000004c   Zero   RW          139    .bss.htim15         tim.o
    0x20000178        -       0x0000004c   Zero   RW          137    .bss.htim2          tim.o
    0x200001c4        -       0x0000004c   Zero   RW          138    .bss.htim3          tim.o
    0x20000210        -       0x00000090   Zero   RW          154    .bss.huart1         usart.o
    0x200002a0        -       0x00000010   Zero   RW           62    .bss.key            key.o
    0x200002b0        -       0x00000140   Zero   RW           46    .bss.line           lcd.o
    0x200003f0        -       0x00000004   Zero   RW          391    .bss.uwTick         stm32g4xx_hal.o
    0x200003f4   0x0800628c   0x00000004   PAD
    0x200003f8        -       0x00000400   Zero   RW            1    STACK               startup_stm32g431xx.o


==============================================================================

Image component sizes


      Code (inc. data)   RO Data    RW Data    ZI Data      Debug   Object Name

       246          0          0          0          0       2468   gpio.o
      1284        140         81          0         48       7302   gui.o
      1296          0          0          0         22       2366   key.o
      4044          0       1520          0        448      24068   lcd.o
       288          0          0          0          0       3404   main.o
       186          0          0          0        100       5649   spi.o
        36          8        472          0       1024        852   startup_stm32g431xx.o
       184          0          0          8          4       8612   stm32g4xx_hal.o
       162          0          0          0          0      10254   stm32g4xx_hal_cortex.o
       448          0          0          0          0       5252   stm32g4xx_hal_gpio.o
        52          0          0          0          0       1758   stm32g4xx_hal_msp.o
       312          0          0          0          0       9792   stm32g4xx_hal_pwr_ex.o
      2198          0          0          0          0       9973   stm32g4xx_hal_rcc.o
       618          0          0          0          0      10691   stm32g4xx_hal_rcc_ex.o
      1404          0          0          0          0      26900   stm32g4xx_hal_spi.o
      2340         22          0          0          0      60462   stm32g4xx_hal_tim.o
       354          0          0          0          0      29839   stm32g4xx_hal_tim_ex.o
      1640         48         40          0          0      41063   stm32g4xx_hal_uart.o
       334          0         16          0          0      11225   stm32g4xx_hal_uart_ex.o
        20          0          0          0          0       1168   stm32g4xx_it.o
        18          0         24          4          0       2786   system_stm32g4xx.o
      1232          0          0          0        228       8872   tim.o
       264          0          0          0        144       6629   usart.o

    ----------------------------------------------------------------------
     19056        218       2188         12       2028     291385   Object Totals
         0          0         32          0          0          0   (incl. Generated)
        96          0          3          0         10          0   (incl. Padding)

    ----------------------------------------------------------------------

      Code (inc. data)   RO Data    RW Data    ZI Data      Debug   Library Member Name

         0          0          0          0          0          0   entry.o
         0          0          0          0          0          0   entry10a.o
         0          0          0          0          0          0   entry11a.o
         8          4          0          0          0          0   entry2.o
         4          0          0          0          0          0   entry5.o
         0          0          0          0          0          0   entry7b.o
         0          0          0          0          0          0   entry8b.o
         8          4          0          0          0          0   entry9a.o
        30          0          0          0          0          0   handlers.o
        36          8          0          0          0         68   init.o
         0          0          0          0          0          0   iusefp.o
        30          0          0          0          0         68   llshl.o
        36          0          0          0          0         68   llsshr.o
        32          0          0          0          0         68   llushr.o
        36          0          0          0          0        108   memseta.o
      2312         92          0          0          0        600   printfa.o
        44          0          0          0          0         80   uidiv.o
        98          0          0          0          0         92   uldiv.o
        48          0          0          0          0         68   cdrcmple.o
        56          0          0          0          0         88   d2f.o
       334          0          0          0          0        148   dadd.o
       222          0          0          0          0        100   ddiv.o
       186          0          0          0          0        176   depilogue.o
        48          0          0          0          0         68   dfixul.o
        26          0          0          0          0         76   dfltui.o
       228          0          0          0          0         96   dmul.o
        38          0          0          0          0         68   f2d.o
       110          0          0          0          0        168   fepilogue.o

    ----------------------------------------------------------------------
      3972        108          0          0          0       2208   Library Totals
         2          0          0          0          0          0   (incl. Padding)

    ----------------------------------------------------------------------

      Code (inc. data)   RO Data    RW Data    ZI Data      Debug   Library Name

      2674        108          0          0          0       1152   mc_w.l
      1296          0          0          0          0       1056   mf_w.l

    ----------------------------------------------------------------------
      3972        108          0          0          0       2208   Library Totals

    ----------------------------------------------------------------------

==============================================================================


      Code (inc. data)   RO Data    RW Data    ZI Data      Debug   

     23028        326       2188         12       2028     292285   Grand Totals
     23028        326       2188         12       2028     292285   ELF Image Totals
     23028        326       2188         12          0          0   ROM Totals

==============================================================================

    Total RO  Size (Code + RO Data)                25216 (  24.62kB)
    Total RW  Size (RW Data + ZI Data)              2040 (   1.99kB)
    Total ROM Size (Code + RO Data + RW Data)      25228 (  24.64kB)

==============================================================================

